../UserApp/Lcd/lcd.c:41:6:LCD_WR_REG	16	static
../UserApp/Lcd/lcd.c:48:6:LCD_WR_DATA	16	static
../UserApp/Lcd/lcd.c:55:5:LCD_RD_DATA	16	static
../UserApp/Lcd/lcd.c:64:6:LCD_WriteReg	16	static
../UserApp/Lcd/lcd.c:72:5:LCD_ReadReg	16	static
../UserApp/Lcd/lcd.c:79:6:LCD_WriteRAM_Prepare	4	static
../UserApp/Lcd/lcd.c:85:6:LCD_WriteRAM	16	static
../UserApp/Lcd/lcd.c:93:5:LCD_BGR2RGB	24	static
../UserApp/Lcd/lcd.c:104:6:opt_delay	16	static
../UserApp/Lcd/lcd.c:111:5:LCD_ReadPoint	24	static
../UserApp/Lcd/lcd.c:130:6:LCD_DisplayOn	8	static
../UserApp/Lcd/lcd.c:136:6:LCD_DisplayOff	8	static
../UserApp/Lcd/lcd.c:144:6:LCD_SetCursor	16	static
../UserApp/Lcd/lcd.c:183:6:LCD_Scan_Dir	24	static
../UserApp/Lcd/lcd.c:279:6:LCD_DrawPoint	16	static
../UserApp/Lcd/lcd.c:288:6:LCD_Fast_DrawPoint	16	static
../UserApp/Lcd/lcd.c:317:6:LCD_SSD_BackLightSet	16	static
../UserApp/Lcd/lcd.c:330:6:LCD_Display_Dir	16	static
../UserApp/Lcd/lcd.c:398:6:LCD_Set_Window	32	static
../UserApp/Lcd/lcd.c:445:6:LCD_Init	8	static
../UserApp/Lcd/lcd.c:1759:6:LCD_Clear	24	static
../UserApp/Lcd/lcd.c:1774:6:LCD_Fill	32	static
../UserApp/Lcd/lcd.c:1789:6:LCD_Color_Fill	32	static
../UserApp/Lcd/lcd.c:1805:6:LCD_DrawLine	64	static
../UserApp/Lcd/lcd.c:1841:6:LCD_DrawRectangle	24	static
../UserApp/Lcd/lcd.c:1851:6:LCD_Draw_Circle	32	static
../UserApp/Lcd/lcd.c:1882:6:LCD_ShowChar	32	static
../UserApp/Lcd/lcd.c:1914:5:LCD_Pow	24	static
../UserApp/Lcd/lcd.c:1926:6:LCD_ShowNum	48	static
../UserApp/Lcd/lcd.c:1954:6:LCD_ShowxNum	48	static
../UserApp/Lcd/lcd.c:1979:6:LCD_ShowString	40	static
