Archive member included to satisfy reference by file (symbol)

d:/st/stm32cubeide_1.9.0/stm32cubeide/plugins/com.st.stm32cube.ide.mcu.externaltools.gnu-tools-for-stm32.10.3-2021.10.win32_1.0.0.202111181127/tools/bin/../lib/gcc/arm-none-eabi/10.3.1/../../../../arm-none-eabi/lib/thumb/v7-m/nofp\libc_nano.a(lib_a-errno.o)
                              ./Core/Src/syscalls.o (__errno)
d:/st/stm32cubeide_1.9.0/stm32cubeide/plugins/com.st.stm32cube.ide.mcu.externaltools.gnu-tools-for-stm32.10.3-2021.10.win32_1.0.0.202111181127/tools/bin/../lib/gcc/arm-none-eabi/10.3.1/../../../../arm-none-eabi/lib/thumb/v7-m/nofp\libc_nano.a(lib_a-exit.o)
                              d:/st/stm32cubeide_1.9.0/stm32cubeide/plugins/com.st.stm32cube.ide.mcu.externaltools.gnu-tools-for-stm32.10.3-2021.10.win32_1.0.0.202111181127/tools/bin/../lib/gcc/arm-none-eabi/10.3.1/../../../../arm-none-eabi/lib/thumb/v7-m/nofp/crt0.o (exit)
d:/st/stm32cubeide_1.9.0/stm32cubeide/plugins/com.st.stm32cube.ide.mcu.externaltools.gnu-tools-for-stm32.10.3-2021.10.win32_1.0.0.202111181127/tools/bin/../lib/gcc/arm-none-eabi/10.3.1/../../../../arm-none-eabi/lib/thumb/v7-m/nofp\libc_nano.a(lib_a-findfp.o)
                              ./Middlewares/Third_Party/FreeRTOS/Source/tasks.o (__sf_fake_stderr)
d:/st/stm32cubeide_1.9.0/stm32cubeide/plugins/com.st.stm32cube.ide.mcu.externaltools.gnu-tools-for-stm32.10.3-2021.10.win32_1.0.0.202111181127/tools/bin/../lib/gcc/arm-none-eabi/10.3.1/../../../../arm-none-eabi/lib/thumb/v7-m/nofp\libc_nano.a(lib_a-fwalk.o)
                              d:/st/stm32cubeide_1.9.0/stm32cubeide/plugins/com.st.stm32cube.ide.mcu.externaltools.gnu-tools-for-stm32.10.3-2021.10.win32_1.0.0.202111181127/tools/bin/../lib/gcc/arm-none-eabi/10.3.1/../../../../arm-none-eabi/lib/thumb/v7-m/nofp\libc_nano.a(lib_a-findfp.o) (_fwalk)
d:/st/stm32cubeide_1.9.0/stm32cubeide/plugins/com.st.stm32cube.ide.mcu.externaltools.gnu-tools-for-stm32.10.3-2021.10.win32_1.0.0.202111181127/tools/bin/../lib/gcc/arm-none-eabi/10.3.1/../../../../arm-none-eabi/lib/thumb/v7-m/nofp\libc_nano.a(lib_a-impure.o)
                              d:/st/stm32cubeide_1.9.0/stm32cubeide/plugins/com.st.stm32cube.ide.mcu.externaltools.gnu-tools-for-stm32.10.3-2021.10.win32_1.0.0.202111181127/tools/bin/../lib/gcc/arm-none-eabi/10.3.1/../../../../arm-none-eabi/lib/thumb/v7-m/nofp\libc_nano.a(lib_a-exit.o) (_global_impure_ptr)
d:/st/stm32cubeide_1.9.0/stm32cubeide/plugins/com.st.stm32cube.ide.mcu.externaltools.gnu-tools-for-stm32.10.3-2021.10.win32_1.0.0.202111181127/tools/bin/../lib/gcc/arm-none-eabi/10.3.1/../../../../arm-none-eabi/lib/thumb/v7-m/nofp\libc_nano.a(lib_a-init.o)
                              d:/st/stm32cubeide_1.9.0/stm32cubeide/plugins/com.st.stm32cube.ide.mcu.externaltools.gnu-tools-for-stm32.10.3-2021.10.win32_1.0.0.202111181127/tools/bin/../lib/gcc/arm-none-eabi/10.3.1/../../../../arm-none-eabi/lib/thumb/v7-m/nofp/crt0.o (__libc_init_array)
d:/st/stm32cubeide_1.9.0/stm32cubeide/plugins/com.st.stm32cube.ide.mcu.externaltools.gnu-tools-for-stm32.10.3-2021.10.win32_1.0.0.202111181127/tools/bin/../lib/gcc/arm-none-eabi/10.3.1/../../../../arm-none-eabi/lib/thumb/v7-m/nofp\libc_nano.a(lib_a-lock.o)
                              d:/st/stm32cubeide_1.9.0/stm32cubeide/plugins/com.st.stm32cube.ide.mcu.externaltools.gnu-tools-for-stm32.10.3-2021.10.win32_1.0.0.202111181127/tools/bin/../lib/gcc/arm-none-eabi/10.3.1/../../../../arm-none-eabi/lib/thumb/v7-m/nofp\libc_nano.a(lib_a-findfp.o) (__retarget_lock_init_recursive)
d:/st/stm32cubeide_1.9.0/stm32cubeide/plugins/com.st.stm32cube.ide.mcu.externaltools.gnu-tools-for-stm32.10.3-2021.10.win32_1.0.0.202111181127/tools/bin/../lib/gcc/arm-none-eabi/10.3.1/../../../../arm-none-eabi/lib/thumb/v7-m/nofp\libc_nano.a(lib_a-memcpy-stub.o)
                              ./Middlewares/Third_Party/FreeRTOS/Source/queue.o (memcpy)
d:/st/stm32cubeide_1.9.0/stm32cubeide/plugins/com.st.stm32cube.ide.mcu.externaltools.gnu-tools-for-stm32.10.3-2021.10.win32_1.0.0.202111181127/tools/bin/../lib/gcc/arm-none-eabi/10.3.1/../../../../arm-none-eabi/lib/thumb/v7-m/nofp\libc_nano.a(lib_a-memset.o)
                              d:/st/stm32cubeide_1.9.0/stm32cubeide/plugins/com.st.stm32cube.ide.mcu.externaltools.gnu-tools-for-stm32.10.3-2021.10.win32_1.0.0.202111181127/tools/bin/../lib/gcc/arm-none-eabi/10.3.1/../../../../arm-none-eabi/lib/thumb/v7-m/nofp/crt0.o (memset)
d:/st/stm32cubeide_1.9.0/stm32cubeide/plugins/com.st.stm32cube.ide.mcu.externaltools.gnu-tools-for-stm32.10.3-2021.10.win32_1.0.0.202111181127/tools/bin/../lib/gcc/arm-none-eabi/10.3.1/../../../../arm-none-eabi/lib/thumb/v7-m/nofp\libc_nano.a(lib_a-nano-mallocr.o)
                              d:/st/stm32cubeide_1.9.0/stm32cubeide/plugins/com.st.stm32cube.ide.mcu.externaltools.gnu-tools-for-stm32.10.3-2021.10.win32_1.0.0.202111181127/tools/bin/../lib/gcc/arm-none-eabi/10.3.1/../../../../arm-none-eabi/lib/thumb/v7-m/nofp\libc_nano.a(lib_a-findfp.o) (_malloc_r)
[...]
Memory Configuration

Name             Origin             Length             Attributes
RAM              0x0000000020000000 0x0000000000010000 xrw
FLASH            0x0000000008000000 0x0000000000080000 xr
*default*        0x0000000000000000 0xffffffffffffffff

Linker script and memory map

LOAD d:/st/stm32cubeide_1.9.0/stm32cubeide/plugins/com.st.stm32cube.ide.mcu.externaltools.gnu-tools-for-stm32.10.3-2021.10.win32_1.0.0.202111181127/tools/bin/../lib/gcc/arm-none-eabi/10.3.1/thumb/v7-m/nofp/crti.o
LOAD d:/st/stm32cubeide_1.9.0/stm32cubeide/plugins/com.st.stm32cube.ide.mcu.externaltools.gnu-tools-for-stm32.10.3-2021.10.win32_1.0.0.202111181127/tools/bin/../lib/gcc/arm-none-eabi/10.3.1/thumb/v7-m/nofp/crtbegin.o
LOAD d:/st/stm32cubeide_1.9.0/stm32cubeide/plugins/com.st.stm32cube.ide.mcu.externaltools.gnu-tools-for-stm32.10.3-2021.10.win32_1.0.0.202111181127/tools/bin/../lib/gcc/arm-none-eabi/10.3.1/../../../../arm-none-eabi/lib/thumb/v7-m/nofp/crt0.o
LOAD ./Bsp/Utils/delay.o
LOAD ./Bsp/communication/interface_fsmc.o
LOAD ./Bsp/timer/exti.o
LOAD ./Bsp/timer/timer.o
LOAD ./Core/Src/freertos.o
LOAD ./Core/Src/fsmc.o
LOAD ./Core/Src/gpio.o
LOAD ./Core/Src/main.o
LOAD ./Core/Src/stm32f1xx_hal_msp.o
LOAD ./Core/Src/stm32f1xx_it.o
LOAD ./Core/Src/syscalls.o
LOAD ./Core/Src/sysmem.o
LOAD ./Core/Src/system_stm32f1xx.o
LOAD ./Core/Src/tim.o
LOAD ./Core/Src/usart.o
LOAD ./Core/Startup/startup_stm32f103zetx.o
LOAD ./Drivers/STM32F1xx_HAL_Driver/Src/stm32f1xx_hal.o
LOAD ./Drivers/STM32F1xx_HAL_Driver/Src/stm32f1xx_hal_cortex.o
LOAD ./Drivers/STM32F1xx_HAL_Driver/Src/stm32f1xx_hal_dma.o
LOAD ./Drivers/STM32F1xx_HAL_Driver/Src/stm32f1xx_hal_exti.o
LOAD ./Drivers/STM32F1xx_HAL_Driver/Src/stm32f1xx_hal_flash.o
LOAD ./Drivers/STM32F1xx_HAL_Driver/Src/stm32f1xx_hal_flash_ex.o
LOAD ./Drivers/STM32F1xx_HAL_Driver/Src/stm32f1xx_hal_gpio.o
LOAD ./Drivers/STM32F1xx_HAL_Driver/Src/stm32f1xx_hal_gpio_ex.o
LOAD ./Drivers/STM32F1xx_HAL_Driver/Src/stm32f1xx_hal_pwr.o
LOAD ./Drivers/STM32F1xx_HAL_Driver/Src/stm32f1xx_hal_rcc.o
LOAD ./Drivers/STM32F1xx_HAL_Driver/Src/stm32f1xx_hal_rcc_ex.o
LOAD ./Drivers/STM32F1xx_HAL_Driver/Src/stm32f1xx_hal_sram.o
LOAD ./Drivers/STM32F1xx_HAL_Driver/Src/stm32f1xx_hal_tim.o
LOAD ./Drivers/STM32F1xx_HAL_Driver/Src/stm32f1xx_hal_tim_ex.o
LOAD ./Drivers/STM32F1xx_HAL_Driver/Src/stm32f1xx_hal_uart.o
LOAD ./Drivers/STM32F1xx_HAL_Driver/Src/stm32f1xx_ll_fsmc.o
LOAD ./Middlewares/Third_Party/FreeRTOS/Source/CMSIS_RTOS/cmsis_os.o
LOAD ./Middlewares/Third_Party/FreeRTOS/Source/croutine.o
LOAD ./Middlewares/Third_Party/FreeRTOS/Source/event_groups.o
LOAD ./Middlewares/Third_Party/FreeRTOS/Source/list.o
LOAD ./Middlewares/Third_Party/FreeRTOS/Source/queue.o
LOAD ./Middlewares/Third_Party/FreeRTOS/Source/stream_buffer.o
LOAD ./Middlewares/Third_Party/FreeRTOS/Source/tasks.o
LOAD ./Middlewares/Third_Party/FreeRTOS/Source/timers.o
LOAD ./Middlewares/Third_Party/FreeRTOS/Source/portable/GCC/ARM_CM3/port.o
LOAD ./Middlewares/Third_Party/FreeRTOS/Source/portable/MemMang/heap_4.o
LOAD ./UserApp/Lcd/lcd.o
LOAD ./UserApp/Main.o
LOAD ./UserApp/OV7725/ov7725.o
LOAD ./UserApp/OV7725/sccb.o
LOAD ./UserApp/Signal/key.o
LOAD ./UserApp/Signal/tpad.o
LOAD ./UserApp/Src/emulated_eeprom.o
LOAD ./Usmart/usmart.o
LOAD ./Usmart/usmart_config.o
LOAD ./Usmart/usmart_str.o
START GROUP
LOAD d:/st/stm32cubeide_1.9.0/stm32cubeide/plugins/com.st.stm32cube.ide.mcu.externaltools.gnu-tools-for-stm32.10.3-2021.10.win32_1.0.0.202111181127/tools/bin/../lib/gcc/arm-none-eabi/10.3.1/../../../../arm-none-eabi/lib/thumb/v7-m/nofp\libstdc++_nano.a
LOAD d:/st/stm32cubeide_1.9.0/stm32cubeide/plugins/com.st.stm32cube.ide.mcu.externaltools.gnu-tools-for-stm32.10.3-2021.10.win32_1.0.0.202111181127/tools/bin/../lib/gcc/arm-none-eabi/10.3.1/../../../../arm-none-eabi/lib/thumb/v7-m/nofp\libsupc++_nano.a
END GROUP
LOAD d:/st/stm32cubeide_1.9.0/stm32cubeide/plugins/com.st.stm32cube.ide.mcu.externaltools.gnu-tools-for-stm32.10.3-2021.10.win32_1.0.0.202111181127/tools/bin/../lib/gcc/arm-none-eabi/10.3.1/../../../../arm-none-eabi/lib/thumb/v7-m/nofp\libstdc++_nano.a
LOAD d:/st/stm32cubeide_1.9.0/stm32cubeide/plugins/com.st.stm32cube.ide.mcu.externaltools.gnu-tools-for-stm32.10.3-2021.10.win32_1.0.0.202111181127/tools/bin/../lib/gcc/arm-none-eabi/10.3.1/../../../../arm-none-eabi/lib/thumb/v7-m/nofp\libm.a
LOAD d:/st/stm32cubeide_1.9.0/stm32cubeide/plugins/com.st.stm32cube.ide.mcu.externaltools.gnu-tools-for-stm32.10.3-2021.10.win32_1.0.0.202111181127/tools/bin/../lib/gcc/arm-none-eabi/10.3.1/../../../../arm-none-eabi/lib/thumb/v7-m/nofp\libc_nano.a
START GROUP
LOAD d:/st/stm32cubeide_1.9.0/stm32cubeide/plugins/com.st.stm32cube.ide.mcu.externaltools.gnu-tools-for-stm32.10.3-2021.10.win32_1.0.0.202111181127/tools/bin/../lib/gcc/arm-none-eabi/10.3.1/thumb/v7-m/nofp\libgcc.a
LOAD d:/st/stm32cubeide_1.9.0/stm32cubeide/plugins/com.st.stm32cube.ide.mcu.externaltools.gnu-tools-for-stm32.10.3-2021.10.win32_1.0.0.202111181127/tools/bin/../lib/gcc/arm-none-eabi/10.3.1/../../../../arm-none-eabi/lib/thumb/v7-m/nofp\libc_nano.a
END GROUP
START GROUP
LOAD d:/st/stm32cubeide_1.9.0/stm32cubeide/plugins/com.st.stm32cube.ide.mcu.externaltools.gnu-tools-for-stm32.10.3-2021.10.win32_1.0.0.202111181127/tools/bin/../lib/gcc/arm-none-eabi/10.3.1/thumb/v7-m/nofp\libgcc.a
LOAD d:/st/stm32cubeide_1.9.0/stm32cubeide/plugins/com.st.stm32cube.ide.mcu.externaltools.gnu-tools-for-stm32.10.3-2021.10.win32_1.0.0.202111181127/tools/bin/../lib/gcc/arm-none-eabi/10.3.1/../../../../arm-none-eabi/lib/thumb/v7-m/nofp\libc_nano.a
END GROUP
LOAD d:/st/stm32cubeide_1.9.0/stm32cubeide/plugins/com.st.stm32cube.ide.mcu.externaltools.gnu-tools-for-stm32.10.3-2021.10.win32_1.0.0.202111181127/tools/bin/../lib/gcc/arm-none-eabi/10.3.1/thumb/v7-m/nofp/crtend.o
LOAD d:/st/stm32cubeide_1.9.0/stm32cubeide/plugins/com.st.stm32cube.ide.mcu.externaltools.gnu-tools-for-stm32.10.3-2021.10.win32_1.0.0.202111181127/tools/bin/../lib/gcc/arm-none-eabi/10.3.1/thumb/v7-m/nofp/crtn.o
                0x0000000020010000                _estack = (ORIGIN (RAM) + LENGTH (RAM))
                0x0000000000000200                _Min_Heap_Size = 0x200
                0x0000000000000400                _Min_Stack_Size = 0x400

.isr_vector     0x0000000008000000      0x1e4
                0x0000000008000000                . = ALIGN (0x4)
 *(.isr_vector)
 .isr_vector    0x0000000008000000      0x1e4 ./Core/Startup/startup_stm32f103zetx.o
                0x0000000008000000                g_pfnVectors
                0x00000000080001e4                . = ALIGN (0x4)

.text           0x00000000080001f0     0xf34c
                0x00000000080001f0                . = ALIGN (0x4)
 *(.text)
 .text          0x00000000080001f0       0x40 d:/st/stm32cubeide_1.9.0/stm32cubeide/plugins/com.st.stm32cube.ide.mcu.externaltools.gnu-tools-for-stm32.10.3-2021.10.win32_1.0.0.202111181127/tools/bin/../lib/gcc/arm-none-eabi/10.3.1/thumb/v7-m/nofp/crtbegin.o
 .text          0x0000000008000230       0x10 d:/st/stm32cubeide_1.9.0/stm32cubeide/plugins/com.st.stm32cube.ide.mcu.externaltools.gnu-tools-for-stm32.10.3-2021.10.win32_1.0.0.202111181127/tools/bin/../lib/gcc/arm-none-eabi/10.3.1/../../../../arm-none-eabi/lib/thumb/v7-m/nofp\libc_nano.a(lib_a-strlen.o)
                0x0000000008000230                strlen
 .text          0x0000000008000240      0x378 d:/st/stm32cubeide_1.9.0/stm32cubeide/plugins/com.st.stm32cube.ide.mcu.externaltools.gnu-tools-for-stm32.10.3-2021.10.win32_1.0.0.202111181127/tools/bin/../lib/gcc/arm-none-eabi/10.3.1/thumb/v7-m/nofp\libgcc.a(_arm_addsubdf3.o)
                0x0000000008000240                __aeabi_drsub
                0x0000000008000248                __aeabi_dsub
                0x0000000008000248                __subdf3
                0x000000000800024c                __aeabi_dadd
                0x000000000800024c                __adddf3
                0x00000000080004c4                __floatunsidf
                0x00000000080004c4                __aeabi_ui2d
                0x00000000080004e4                __floatsidf
                0x00000000080004e4                __aeabi_i2d
                0x0000000008000508                __aeabi_f2d
                0x0000000008000508                __extendsfdf2
                0x000000000800054c                __floatundidf
                0x000000000800054c                __aeabi_ul2d
                0x000000000800055c                __floatdidf
                0x000000000800055c                __aeabi_l2d
 .text          0x00000000080005b8      0x424 d:/st/stm32cubeide_1.9.0/stm32cubeide/plugins/com.st.stm32cube.ide.mcu.externaltools.gnu-tools-for-stm32.10.3-2021.10.win32_1.0.0.202111181127/tools/bin/../lib/gcc/arm-none-eabi/10.3.1/thumb/v7-m/nofp\libgcc.a(_arm_muldivdf3.o)
                0x00000000080005b8                __aeabi_dmul
                0x00000000080005b8                __muldf3
                0x000000000800080c                __divdf3
                0x000000000800080c                __aeabi_ddiv
 .text          0x00000000080009dc      0x110 d:/st/stm32cubeide_1.9.0/stm32cubeide/plugins/com.st.stm32cube.ide.mcu.externaltools.gnu-tools-for-stm32.10.3-2021.10.win32_1.0.0.202111181127/tools/bin/../lib/gcc/arm-none-eabi/10.3.1/thumb/v7-m/nofp\libgcc.a(_arm_cmpdf2.o)
                0x00000000080009dc                __gtdf2
                0x00000000080009dc                __gedf2
                0x00000000080009e4                __ltdf2
                0x00000000080009e4                __ledf2
                0x00000000080009ec                __nedf2
                0x00000000080009ec                __eqdf2
                0x00000000080009ec                __cmpdf2
                0x0000000008000a68                __aeabi_cdrcmple
                0x0000000008000a78                __aeabi_cdcmpeq
                0x0000000008000a78                __aeabi_cdcmple
                0x0000000008000a88                __aeabi_dcmpeq
                0x0000000008000a9c                __aeabi_dcmplt
                0x0000000008000ab0                __aeabi_dcmple
                0x0000000008000ac4                __aeabi_dcmpge
                0x0000000008000ad8                __aeabi_dcmpgt
 .text          0x0000000008000aec       0x2c d:/st/stm32cubeide_1.9.0/stm32cubeide/plugins/com.st.stm32cube.ide.mcu.externaltools.gnu-tools-for-stm32.10.3-2021.10.win32_1.0.0.202111181127/tools/bin/../lib/gcc/arm-none-eabi/10.3.1/thumb/v7-m/nofp\libgcc.a(_arm_unorddf2.o)
                0x0000000008000aec                __unorddf2
                0x0000000008000aec                __aeabi_dcmpun
 .text          0x0000000008000b18       0x50 d:/st/stm32cubeide_1.9.0/stm32cubeide/plugins/com.st.stm32cube.ide.mcu.externaltools.gnu-tools-for-stm32.10.3-2021.10.win32_1.0.0.202111181127/tools/bin/../lib/gcc/arm-none-eabi/10.3.1/thumb/v7-m/nofp\libgcc.a(_arm_fixdfsi.o)
                0x0000000008000b18                __aeabi_d2iz
                0x0000000008000b18                __fixdfsi
 .text          0x0000000008000b68       0x40 d:/st/stm32cubeide_1.9.0/stm32cubeide/plugins/com.st.stm32cube.ide.mcu.externaltools.gnu-tools-for-stm32.10.3-2021.10.win32_1.0.0.202111181127/tools/bin/../lib/gcc/arm-none-eabi/10.3.1/thumb/v7-m/nofp\libgcc.a(_arm_fixunsdfsi.o)
                0x0000000008000b68                __aeabi_d2uiz
                0x0000000008000b68                __fixunsdfsi
 *(.text*)
 .text.delay_init
                0x0000000008000ba8       0x24 ./Bsp/Utils/delay.o
                0x0000000008000ba8                delay_init
 .text.delay_us
                0x0000000008000bcc       0x7c ./Bsp/Utils/delay.o
                0x0000000008000bcc                delay_us
 .text.delay_ms
                0x0000000008000c48       0x30 ./Bsp/Utils/delay.o
                0x0000000008000c48                delay_ms
 .text.HAL_GPIO_EXTI_Callback
                0x0000000008000c78       0x50 ./Bsp/timer/exti.o
                0x0000000008000c78                HAL_GPIO_EXTI_Callback
 .text.HAL_TIM_PeriodElapsedCallback
                0x0000000008000cc8       0x28 ./Bsp/timer/timer.o
                0x0000000008000cc8                HAL_TIM_PeriodElapsedCallback
 .text.PID_execution_lock
                0x0000000008000cf0       0x1c ./Core/Src/freertos.o
                0x0000000008000cf0                PID_execution_lock
 .text.PID_execution_unlock
                0x0000000008000d0c       0x18 ./Core/Src/freertos.o
                0x0000000008000d0c                PID_execution_unlock
 .text.vApplicationGetIdleTaskMemory
                0x0000000008000d24       0x30 ./Core/Src/freertos.o
                0x0000000008000d24                vApplicationGetIdleTaskMemory
 .text.vApplicationGetTimerTaskMemory
                0x0000000008000d54       0x34 ./Core/Src/freertos.o
                0x0000000008000d54                vApplicationGetTimerTaskMemory
 .text.MX_FREERTOS_Init
                0x0000000008000d88      0x104 ./Core/Src/freertos.o
                0x0000000008000d88                MX_FREERTOS_Init
 .text.StartDefaultTask
                0x0000000008000e8c       0x48 ./Core/Src/freertos.o
                0x0000000008000e8c                StartDefaultTask
 .text.OV7725ProcessTask
                0x0000000008000ed4       0x4c ./Core/Src/freertos.o
                0x0000000008000ed4                OV7725ProcessTask
 .text.PIDThread
                0x0000000008000f20       0x44 ./Core/Src/freertos.o
                0x0000000008000f20                PIDThread
 .text.MX_FSMC_Init
                0x0000000008000f64      0x108 ./Core/Src/fsmc.o
                0x0000000008000f64                MX_FSMC_Init
 .text.HAL_FSMC_MspInit
                0x000000000800106c       0xc4 ./Core/Src/fsmc.o
 .text.HAL_SRAM_MspInit
                0x0000000008001130       0x14 ./Core/Src/fsmc.o
                0x0000000008001130                HAL_SRAM_MspInit
 .text.MX_GPIO_Init
                0x0000000008001144      0x218 ./Core/Src/gpio.o
                0x0000000008001144                MX_GPIO_Init
 .text.main     0x000000000800135c      0x124 ./Core/Src/main.o
                0x000000000800135c                main
 .text.SystemClock_Config
                0x0000000008001480       0x8a ./Core/Src/main.o
                0x0000000008001480                SystemClock_Config
 .text.Error_Handler
                0x000000000800150a        0xa ./Core/Src/main.o
                0x000000000800150a                Error_Handler
 .text.HAL_MspInit
                0x0000000008001514       0x70 ./Core/Src/stm32f1xx_hal_msp.o
                0x0000000008001514                HAL_MspInit
 .text.NMI_Handler
                0x0000000008001584        0x6 ./Core/Src/stm32f1xx_it.o
                0x0000000008001584                NMI_Handler
 .text.HardFault_Handler
                0x000000000800158a        0x6 ./Core/Src/stm32f1xx_it.o
                0x000000000800158a                HardFault_Handler
 .text.MemManage_Handler
                0x0000000008001590        0x6 ./Core/Src/stm32f1xx_it.o
                0x0000000008001590                MemManage_Handler
 .text.BusFault_Handler
                0x0000000008001596        0x6 ./Core/Src/stm32f1xx_it.o
                0x0000000008001596                BusFault_Handler
 .text.UsageFault_Handler
                0x000000000800159c        0x6 ./Core/Src/stm32f1xx_it.o
                0x000000000800159c                UsageFault_Handler
 .text.DebugMon_Handler
                0x00000000080015a2        0xc ./Core/Src/stm32f1xx_it.o
                0x00000000080015a2                DebugMon_Handler
 .text.SysTick_Handler
                0x00000000080015ae       0x1a ./Core/Src/stm32f1xx_it.o
                0x00000000080015ae                SysTick_Handler
 .text.EXTI9_5_IRQHandler
                0x00000000080015c8       0x10 ./Core/Src/stm32f1xx_it.o
                0x00000000080015c8                EXTI9_5_IRQHandler
 .text.TIM4_IRQHandler
                0x00000000080015d8       0x40 ./Core/Src/stm32f1xx_it.o
                0x00000000080015d8                TIM4_IRQHandler
 .text.USART1_IRQHandler
                0x0000000008001618       0x58 ./Core/Src/stm32f1xx_it.o
                0x0000000008001618                USART1_IRQHandler
 .text.TIM5_IRQHandler
                0x0000000008001670       0x14 ./Core/Src/stm32f1xx_it.o
                0x0000000008001670                TIM5_IRQHandler
 .text.TIM6_IRQHandler
                0x0000000008001684       0x14 ./Core/Src/stm32f1xx_it.o
                0x0000000008001684                TIM6_IRQHandler
 .text.TIM7_IRQHandler
                0x0000000008001698       0x20 ./Core/Src/stm32f1xx_it.o
                0x0000000008001698                TIM7_IRQHandler
 .text._getpid  0x00000000080016b8        0xe ./Core/Src/syscalls.o
                0x00000000080016b8                _getpid
 .text._kill    0x00000000080016c6       0x20 ./Core/Src/syscalls.o
                0x00000000080016c6                _kill
 .text._exit    0x00000000080016e6       0x14 ./Core/Src/syscalls.o
                0x00000000080016e6                _exit
 .text._read    0x00000000080016fa       0x3a ./Core/Src/syscalls.o
                0x00000000080016fa                _read
 .text._write   0x0000000008001734       0x38 ./Core/Src/syscalls.o
                0x0000000008001734                _write
 .text._close   0x000000000800176c       0x16 ./Core/Src/syscalls.o
                0x000000000800176c                _close
 .text._fstat   0x0000000008001782       0x1e ./Core/Src/syscalls.o
                0x0000000008001782                _fstat
 .text._isatty  0x00000000080017a0       0x14 ./Core/Src/syscalls.o
                0x00000000080017a0                _isatty
 .text._lseek   0x00000000080017b4       0x18 ./Core/Src/syscalls.o
                0x00000000080017b4                _lseek
 .text._sbrk    0x00000000080017cc       0x6c ./Core/Src/sysmem.o
                0x00000000080017cc                _sbrk
 .text.SystemInit
                0x0000000008001838        0xc ./Core/Src/system_stm32f1xx.o
                0x0000000008001838                SystemInit
 .text.MX_TIM4_Init
                0x0000000008001844       0xa4 ./Core/Src/tim.o
                0x0000000008001844                MX_TIM4_Init
 .text.MX_TIM5_Init
                0x00000000080018e8       0xa8 ./Core/Src/tim.o
                0x00000000080018e8                MX_TIM5_Init
 .text.MX_TIM6_Init
                0x0000000008001990       0x74 ./Core/Src/tim.o
                0x0000000008001990                MX_TIM6_Init
 .text.MX_TIM7_Init
                0x0000000008001a04       0x70 ./Core/Src/tim.o
                0x0000000008001a04                MX_TIM7_Init
 .text.HAL_TIM_Base_MspInit
                0x0000000008001a74       0xbc ./Core/Src/tim.o
                0x0000000008001a74                HAL_TIM_Base_MspInit
 .text.HAL_TIM_IC_MspInit
                0x0000000008001b30       0x8c ./Core/Src/tim.o
                0x0000000008001b30                HAL_TIM_IC_MspInit
 .text.MX_USART1_UART_Init
                0x0000000008001bbc       0x60 ./Core/Src/usart.o
                0x0000000008001bbc                MX_USART1_UART_Init
 .text.HAL_UART_MspInit
                0x0000000008001c1c       0xa8 ./Core/Src/usart.o
                0x0000000008001c1c                HAL_UART_MspInit
 .text.HAL_UART_RxCpltCallback
                0x0000000008001cc4       0xa8 ./Core/Src/usart.o
                0x0000000008001cc4                HAL_UART_RxCpltCallback
 .text.__io_putchar
                0x0000000008001d6c       0x24 ./Core/Src/usart.o
                0x0000000008001d6c                __io_putchar
 .text.Reset_Handler
                0x0000000008001d90       0x48 ./Core/Startup/startup_stm32f103zetx.o
                0x0000000008001d90                Reset_Handler
 .text.Default_Handler
                0x0000000008001dd8        0x2 ./Core/Startup/startup_stm32f103zetx.o
                0x0000000008001dd8                RTC_Alarm_IRQHandler
                0x0000000008001dd8                EXTI2_IRQHandler
                0x0000000008001dd8                TIM8_TRG_COM_IRQHandler
                0x0000000008001dd8                TIM8_CC_IRQHandler
                0x0000000008001dd8                TIM1_CC_IRQHandler
                0x0000000008001dd8                PVD_IRQHandler
                0x0000000008001dd8                SDIO_IRQHandler
                0x0000000008001dd8                EXTI3_IRQHandler
                0x0000000008001dd8                EXTI0_IRQHandler
                0x0000000008001dd8                I2C2_EV_IRQHandler
                0x0000000008001dd8                ADC1_2_IRQHandler
                0x0000000008001dd8                SPI1_IRQHandler
                0x0000000008001dd8                TAMPER_IRQHandler
                0x0000000008001dd8                TIM8_UP_IRQHandler
                0x0000000008001dd8                DMA2_Channel2_IRQHandler
                0x0000000008001dd8                DMA1_Channel4_IRQHandler
                0x0000000008001dd8                USART3_IRQHandler
                0x0000000008001dd8                RTC_IRQHandler
                0x0000000008001dd8                DMA1_Channel7_IRQHandler
                0x0000000008001dd8                CAN1_RX1_IRQHandler
                0x0000000008001dd8                UART5_IRQHandler
                0x0000000008001dd8                ADC3_IRQHandler
                0x0000000008001dd8                DMA2_Channel1_IRQHandler
                0x0000000008001dd8                I2C1_EV_IRQHandler
                0x0000000008001dd8                DMA1_Channel6_IRQHandler
                0x0000000008001dd8                UART4_IRQHandler
                0x0000000008001dd8                TIM3_IRQHandler
                0x0000000008001dd8                RCC_IRQHandler
                0x0000000008001dd8                TIM1_TRG_COM_IRQHandler
                0x0000000008001dd8                DMA1_Channel1_IRQHandler
                0x0000000008001dd8                Default_Handler
                0x0000000008001dd8                EXTI15_10_IRQHandler
                0x0000000008001dd8                SPI2_IRQHandler
                0x0000000008001dd8                DMA1_Channel5_IRQHandler
                0x0000000008001dd8                EXTI4_IRQHandler
                0x0000000008001dd8                USB_LP_CAN1_RX0_IRQHandler
                0x0000000008001dd8                USB_HP_CAN1_TX_IRQHandler
                0x0000000008001dd8                DMA1_Channel3_IRQHandler
                0x0000000008001dd8                FSMC_IRQHandler
                0x0000000008001dd8                TIM1_UP_IRQHandler
                0x0000000008001dd8                WWDG_IRQHandler
                0x0000000008001dd8                TIM2_IRQHandler
                0x0000000008001dd8                TIM1_BRK_IRQHandler
                0x0000000008001dd8                EXTI1_IRQHandler
                0x0000000008001dd8                DMA2_Channel4_5_IRQHandler
                0x0000000008001dd8                USART2_IRQHandler
                0x0000000008001dd8                I2C2_ER_IRQHandler
                0x0000000008001dd8                DMA1_Channel2_IRQHandler
                0x0000000008001dd8                TIM8_BRK_IRQHandler
                0x0000000008001dd8                CAN1_SCE_IRQHandler
                0x0000000008001dd8                FLASH_IRQHandler
                0x0000000008001dd8                SPI3_IRQHandler
                0x0000000008001dd8                I2C1_ER_IRQHandler
                0x0000000008001dd8                USBWakeUp_IRQHandler
                0x0000000008001dd8                DMA2_Channel3_IRQHandler
 *fill*         0x0000000008001dda        0x2 
 .text.HAL_Init
                0x0000000008001ddc       0x2c ./Drivers/STM32F1xx_HAL_Driver/Src/stm32f1xx_hal.o
                0x0000000008001ddc                HAL_Init
 .text.HAL_InitTick
                0x0000000008001e08       0x60 ./Drivers/STM32F1xx_HAL_Driver/Src/stm32f1xx_hal.o
                0x0000000008001e08                HAL_InitTick
 .text.HAL_IncTick
                0x0000000008001e68       0x24 ./Drivers/STM32F1xx_HAL_Driver/Src/stm32f1xx_hal.o
                0x0000000008001e68                HAL_IncTick
 .text.HAL_GetTick
                0x0000000008001e8c       0x14 ./Drivers/STM32F1xx_HAL_Driver/Src/stm32f1xx_hal.o
                0x0000000008001e8c                HAL_GetTick
 .text.__NVIC_SetPriorityGrouping
                0x0000000008001ea0       0x48 ./Drivers/STM32F1xx_HAL_Driver/Src/stm32f1xx_hal_cortex.o
 .text.__NVIC_GetPriorityGrouping
                0x0000000008001ee8       0x1c ./Drivers/STM32F1xx_HAL_Driver/Src/stm32f1xx_hal_cortex.o
 .text.__NVIC_EnableIRQ
                0x0000000008001f04       0x38 ./Drivers/STM32F1xx_HAL_Driver/Src/stm32f1xx_hal_cortex.o
 .text.__NVIC_SetPriority
                0x0000000008001f3c       0x54 ./Drivers/STM32F1xx_HAL_Driver/Src/stm32f1xx_hal_cortex.o
 .text.NVIC_EncodePriority
                0x0000000008001f90       0x64 ./Drivers/STM32F1xx_HAL_Driver/Src/stm32f1xx_hal_cortex.o
 .text.SysTick_Config
                0x0000000008001ff4       0x44 ./Drivers/STM32F1xx_HAL_Driver/Src/stm32f1xx_hal_cortex.o
 .text.HAL_NVIC_SetPriorityGrouping
                0x0000000008002038       0x16 ./Drivers/STM32F1xx_HAL_Driver/Src/stm32f1xx_hal_cortex.o
                0x0000000008002038                HAL_NVIC_SetPriorityGrouping
 .text.HAL_NVIC_SetPriority
                0x000000000800204e       0x38 ./Drivers/STM32F1xx_HAL_Driver/Src/stm32f1xx_hal_cortex.o
                0x000000000800204e                HAL_NVIC_SetPriority
 .text.HAL_NVIC_EnableIRQ
                0x0000000008002086       0x1c ./Drivers/STM32F1xx_HAL_Driver/Src/stm32f1xx_hal_cortex.o
                0x0000000008002086                HAL_NVIC_EnableIRQ
 .text.HAL_SYSTICK_Config
                0x00000000080020a2       0x18 ./Drivers/STM32F1xx_HAL_Driver/Src/stm32f1xx_hal_cortex.o
                0x00000000080020a2                HAL_SYSTICK_Config
 *fill*         0x00000000080020ba        0x2 
 .text.HAL_SYSTICK_CLKSourceConfig
                0x00000000080020bc       0x38 ./Drivers/STM32F1xx_HAL_Driver/Src/stm32f1xx_hal_cortex.o
                0x00000000080020bc                HAL_SYSTICK_CLKSourceConfig
 .text.HAL_DMA_Abort
                0x00000000080020f4       0x74 ./Drivers/STM32F1xx_HAL_Driver/Src/stm32f1xx_hal_dma.o
                0x00000000080020f4                HAL_DMA_Abort
 .text.HAL_DMA_Abort_IT
                0x0000000008002168      0x210 ./Drivers/STM32F1xx_HAL_Driver/Src/stm32f1xx_hal_dma.o
                0x0000000008002168                HAL_DMA_Abort_IT
 .text.HAL_GPIO_Init
                0x0000000008002378      0x328 ./Drivers/STM32F1xx_HAL_Driver/Src/stm32f1xx_hal_gpio.o
                0x0000000008002378                HAL_GPIO_Init
 .text.HAL_GPIO_WritePin
                0x00000000080026a0       0x30 ./Drivers/STM32F1xx_HAL_Driver/Src/stm32f1xx_hal_gpio.o
                0x00000000080026a0                HAL_GPIO_WritePin
 .text.HAL_GPIO_EXTI_IRQHandler
                0x00000000080026d0       0x30 ./Drivers/STM32F1xx_HAL_Driver/Src/stm32f1xx_hal_gpio.o
                0x00000000080026d0                HAL_GPIO_EXTI_IRQHandler
 .text.HAL_RCC_OscConfig
                0x0000000008002700      0x504 ./Drivers/STM32F1xx_HAL_Driver/Src/stm32f1xx_hal_rcc.o
                0x0000000008002700                HAL_RCC_OscConfig
 .text.HAL_RCC_ClockConfig
                0x0000000008002c04      0x1d4 ./Drivers/STM32F1xx_HAL_Driver/Src/stm32f1xx_hal_rcc.o
                0x0000000008002c04                HAL_RCC_ClockConfig
 .text.HAL_RCC_GetSysClockFreq
                0x0000000008002dd8       0xbc ./Drivers/STM32F1xx_HAL_Driver/Src/stm32f1xx_hal_rcc.o
                0x0000000008002dd8                HAL_RCC_GetSysClockFreq
 .text.HAL_RCC_GetHCLKFreq
                0x0000000008002e94       0x14 ./Drivers/STM32F1xx_HAL_Driver/Src/stm32f1xx_hal_rcc.o
                0x0000000008002e94                HAL_RCC_GetHCLKFreq
 .text.HAL_RCC_GetPCLK1Freq
                0x0000000008002ea8       0x28 ./Drivers/STM32F1xx_HAL_Driver/Src/stm32f1xx_hal_rcc.o
                0x0000000008002ea8                HAL_RCC_GetPCLK1Freq
 .text.HAL_RCC_GetPCLK2Freq
                0x0000000008002ed0       0x28 ./Drivers/STM32F1xx_HAL_Driver/Src/stm32f1xx_hal_rcc.o
                0x0000000008002ed0                HAL_RCC_GetPCLK2Freq
 .text.RCC_Delay
                0x0000000008002ef8       0x3c ./Drivers/STM32F1xx_HAL_Driver/Src/stm32f1xx_hal_rcc.o
 .text.HAL_SRAM_Init
                0x0000000008002f34       0x9a ./Drivers/STM32F1xx_HAL_Driver/Src/stm32f1xx_hal_sram.o
                0x0000000008002f34                HAL_SRAM_Init
 .text.HAL_TIM_Base_Init
                0x0000000008002fce       0x9e ./Drivers/STM32F1xx_HAL_Driver/Src/stm32f1xx_hal_tim.o
                0x0000000008002fce                HAL_TIM_Base_Init
 .text.HAL_TIM_Base_Start_IT
                0x000000000800306c       0xc0 ./Drivers/STM32F1xx_HAL_Driver/Src/stm32f1xx_hal_tim.o
                0x000000000800306c                HAL_TIM_Base_Start_IT
 .text.HAL_TIM_IC_Init
                0x000000000800312c       0x9e ./Drivers/STM32F1xx_HAL_Driver/Src/stm32f1xx_hal_tim.o
                0x000000000800312c                HAL_TIM_IC_Init
 .text.HAL_TIM_IRQHandler
                0x00000000080031ca      0x210 ./Drivers/STM32F1xx_HAL_Driver/Src/stm32f1xx_hal_tim.o
                0x00000000080031ca                HAL_TIM_IRQHandler
 .text.HAL_TIM_IC_ConfigChannel
                0x00000000080033da      0x128 ./Drivers/STM32F1xx_HAL_Driver/Src/stm32f1xx_hal_tim.o
                0x00000000080033da                HAL_TIM_IC_ConfigChannel
 .text.HAL_TIM_ConfigClockSource
                0x0000000008003502      0x188 ./Drivers/STM32F1xx_HAL_Driver/Src/stm32f1xx_hal_tim.o
                0x0000000008003502                HAL_TIM_ConfigClockSource
 .text.HAL_TIM_OC_DelayElapsedCallback
                0x000000000800368a       0x12 ./Drivers/STM32F1xx_HAL_Driver/Src/stm32f1xx_hal_tim.o
                0x000000000800368a                HAL_TIM_OC_DelayElapsedCallback
 .text.HAL_TIM_IC_CaptureCallback
                0x000000000800369c       0x12 ./Drivers/STM32F1xx_HAL_Driver/Src/stm32f1xx_hal_tim.o
                0x000000000800369c                HAL_TIM_IC_CaptureCallback
 .text.HAL_TIM_PWM_PulseFinishedCallback
                0x00000000080036ae       0x12 ./Drivers/STM32F1xx_HAL_Driver/Src/stm32f1xx_hal_tim.o
                0x00000000080036ae                HAL_TIM_PWM_PulseFinishedCallback
 .text.HAL_TIM_TriggerCallback
                0x00000000080036c0       0x12 ./Drivers/STM32F1xx_HAL_Driver/Src/stm32f1xx_hal_tim.o
                0x00000000080036c0                HAL_TIM_TriggerCallback
 *fill*         0x00000000080036d2        0x2 
 .text.TIM_Base_SetConfig
                0x00000000080036d4       0xf4 ./Drivers/STM32F1xx_HAL_Driver/Src/stm32f1xx_hal_tim.o
                0x00000000080036d4                TIM_Base_SetConfig
 .text.TIM_TI1_SetConfig
                0x00000000080037c8       0xcc ./Drivers/STM32F1xx_HAL_Driver/Src/stm32f1xx_hal_tim.o
                0x00000000080037c8                TIM_TI1_SetConfig
 .text.TIM_TI1_ConfigInputStage
                0x0000000008003894       0x5c ./Drivers/STM32F1xx_HAL_Driver/Src/stm32f1xx_hal_tim.o
 .text.TIM_TI2_SetConfig
                0x00000000080038f0       0x78 ./Drivers/STM32F1xx_HAL_Driver/Src/stm32f1xx_hal_tim.o
 .text.TIM_TI2_ConfigInputStage
                0x0000000008003968       0x5e ./Drivers/STM32F1xx_HAL_Driver/Src/stm32f1xx_hal_tim.o
 .text.TIM_TI3_SetConfig
                0x00000000080039c6       0x76 ./Drivers/STM32F1xx_HAL_Driver/Src/stm32f1xx_hal_tim.o
 .text.TIM_TI4_SetConfig
                0x0000000008003a3c       0x78 ./Drivers/STM32F1xx_HAL_Driver/Src/stm32f1xx_hal_tim.o
 .text.TIM_ITRx_SetConfig
                0x0000000008003ab4       0x34 ./Drivers/STM32F1xx_HAL_Driver/Src/stm32f1xx_hal_tim.o
 .text.TIM_ETR_SetConfig
                0x0000000008003ae8       0x3e ./Drivers/STM32F1xx_HAL_Driver/Src/stm32f1xx_hal_tim.o
                0x0000000008003ae8                TIM_ETR_SetConfig
 *fill*         0x0000000008003b26        0x2 
 .text.HAL_TIMEx_MasterConfigSynchronization
                0x0000000008003b28       0xd8 ./Drivers/STM32F1xx_HAL_Driver/Src/stm32f1xx_hal_tim_ex.o
                0x0000000008003b28                HAL_TIMEx_MasterConfigSynchronization
 .text.HAL_TIMEx_CommutCallback
                0x0000000008003c00       0x12 ./Drivers/STM32F1xx_HAL_Driver/Src/stm32f1xx_hal_tim_ex.o
                0x0000000008003c00                HAL_TIMEx_CommutCallback
 .text.HAL_TIMEx_BreakCallback
                0x0000000008003c12       0x12 ./Drivers/STM32F1xx_HAL_Driver/Src/stm32f1xx_hal_tim_ex.o
                0x0000000008003c12                HAL_TIMEx_BreakCallback
 .text.HAL_UART_Init
                0x0000000008003c24       0x9a ./Drivers/STM32F1xx_HAL_Driver/Src/stm32f1xx_hal_uart.o
                0x0000000008003c24                HAL_UART_Init
 .text.HAL_UART_Transmit
                0x0000000008003cbe      0x124 ./Drivers/STM32F1xx_HAL_Driver/Src/stm32f1xx_hal_uart.o
                0x0000000008003cbe                HAL_UART_Transmit
 .text.HAL_UART_Receive_IT
                0x0000000008003de2       0x60 ./Drivers/STM32F1xx_HAL_Driver/Src/stm32f1xx_hal_uart.o
                0x0000000008003de2                HAL_UART_Receive_IT
 *fill*         0x0000000008003e42        0x2 
 .text.HAL_UART_IRQHandler
                0x0000000008003e44      0x354 ./Drivers/STM32F1xx_HAL_Driver/Src/stm32f1xx_hal_uart.o
                0x0000000008003e44                HAL_UART_IRQHandler
 .text.HAL_UART_TxCpltCallback
                0x0000000008004198       0x12 ./Drivers/STM32F1xx_HAL_Driver/Src/stm32f1xx_hal_uart.o
                0x0000000008004198                HAL_UART_TxCpltCallback
 .text.HAL_UART_ErrorCallback
                0x00000000080041aa       0x12 ./Drivers/STM32F1xx_HAL_Driver/Src/stm32f1xx_hal_uart.o
                0x00000000080041aa                HAL_UART_ErrorCallback
 .text.HAL_UARTEx_RxEventCallback
                0x00000000080041bc       0x16 ./Drivers/STM32F1xx_HAL_Driver/Src/stm32f1xx_hal_uart.o
                0x00000000080041bc                HAL_UARTEx_RxEventCallback
 .text.HAL_UART_GetState
                0x00000000080041d2       0x3a ./Drivers/STM32F1xx_HAL_Driver/Src/stm32f1xx_hal_uart.o
                0x00000000080041d2                HAL_UART_GetState
 .text.UART_WaitOnFlagUntilTimeout
                0x000000000800420c       0x94 ./Drivers/STM32F1xx_HAL_Driver/Src/stm32f1xx_hal_uart.o
 .text.UART_Start_Receive_IT
                0x00000000080042a0       0x72 ./Drivers/STM32F1xx_HAL_Driver/Src/stm32f1xx_hal_uart.o
                0x00000000080042a0                UART_Start_Receive_IT
 .text.UART_EndRxTransfer
                0x0000000008004312       0x58 ./Drivers/STM32F1xx_HAL_Driver/Src/stm32f1xx_hal_uart.o
 .text.UART_DMAAbortOnError
                0x000000000800436a       0x28 ./Drivers/STM32F1xx_HAL_Driver/Src/stm32f1xx_hal_uart.o
 .text.UART_Transmit_IT
                0x0000000008004392       0x9e ./Drivers/STM32F1xx_HAL_Driver/Src/stm32f1xx_hal_uart.o
 .text.UART_EndTransmit_IT
                0x0000000008004430       0x30 ./Drivers/STM32F1xx_HAL_Driver/Src/stm32f1xx_hal_uart.o
 .text.UART_Receive_IT
                0x0000000008004460      0x152 ./Drivers/STM32F1xx_HAL_Driver/Src/stm32f1xx_hal_uart.o
 *fill*         0x00000000080045b2        0x2 
 .text.UART_SetConfig
                0x00000000080045b4      0x11c ./Drivers/STM32F1xx_HAL_Driver/Src/stm32f1xx_hal_uart.o
 .text.FSMC_NORSRAM_Init
                0x00000000080046d0       0xd4 ./Drivers/STM32F1xx_HAL_Driver/Src/stm32f1xx_ll_fsmc.o
                0x00000000080046d0                FSMC_NORSRAM_Init
 .text.FSMC_NORSRAM_Timing_Init
                0x00000000080047a4       0x68 ./Drivers/STM32F1xx_HAL_Driver/Src/stm32f1xx_ll_fsmc.o
                0x00000000080047a4                FSMC_NORSRAM_Timing_Init
 .text.FSMC_NORSRAM_Extended_Timing_Init
                0x000000000800480c       0x70 ./Drivers/STM32F1xx_HAL_Driver/Src/stm32f1xx_ll_fsmc.o
                0x000000000800480c                FSMC_NORSRAM_Extended_Timing_Init
 .text.makeFreeRtosPriority
                0x000000000800487c       0x2e ./Middlewares/Third_Party/FreeRTOS/Source/CMSIS_RTOS/cmsis_os.o
 .text.inHandlerMode
                0x00000000080048aa       0x22 ./Middlewares/Third_Party/FreeRTOS/Source/CMSIS_RTOS/cmsis_os.o
 .text.osKernelStart
                0x00000000080048cc        0xe ./Middlewares/Third_Party/FreeRTOS/Source/CMSIS_RTOS/cmsis_os.o
                0x00000000080048cc                osKernelStart
 .text.osKernelSysTick
                0x00000000080048da       0x20 ./Middlewares/Third_Party/FreeRTOS/Source/CMSIS_RTOS/cmsis_os.o
                0x00000000080048da                osKernelSysTick
 .text.osThreadCreate
                0x00000000080048fa       0x98 ./Middlewares/Third_Party/FreeRTOS/Source/CMSIS_RTOS/cmsis_os.o
                0x00000000080048fa                osThreadCreate
 .text.osDelay  0x0000000008004992       0x28 ./Middlewares/Third_Party/FreeRTOS/Source/CMSIS_RTOS/cmsis_os.o
                0x0000000008004992                osDelay
 *fill*         0x00000000080049ba        0x2 
 .text.osSignalSet
                0x00000000080049bc       0x80 ./Middlewares/Third_Party/FreeRTOS/Source/CMSIS_RTOS/cmsis_os.o
                0x00000000080049bc                osSignalSet
 .text.osSignalWait
                0x0000000008004a3c       0x98 ./Middlewares/Third_Party/FreeRTOS/Source/CMSIS_RTOS/cmsis_os.o
                0x0000000008004a3c                osSignalWait
 .text.osMutexCreate
                0x0000000008004ad4       0x30 ./Middlewares/Third_Party/FreeRTOS/Source/CMSIS_RTOS/cmsis_os.o
                0x0000000008004ad4                osMutexCreate
 .text.osMutexWait
                0x0000000008004b04       0x9c ./Middlewares/Third_Party/FreeRTOS/Source/CMSIS_RTOS/cmsis_os.o
                0x0000000008004b04                osMutexWait
 .text.osMutexRelease
                0x0000000008004ba0       0x6c ./Middlewares/Third_Party/FreeRTOS/Source/CMSIS_RTOS/cmsis_os.o
                0x0000000008004ba0                osMutexRelease
 .text.osSemaphoreCreate
                0x0000000008004c0c       0x7e ./Middlewares/Third_Party/FreeRTOS/Source/CMSIS_RTOS/cmsis_os.o
                0x0000000008004c0c                osSemaphoreCreate
 .text.osPoolCreate
                0x0000000008004c8a       0xba ./Middlewares/Third_Party/FreeRTOS/Source/CMSIS_RTOS/cmsis_os.o
                0x0000000008004c8a                osPoolCreate
 .text.osMessageCreate
                0x0000000008004d44       0x50 ./Middlewares/Third_Party/FreeRTOS/Source/CMSIS_RTOS/cmsis_os.o
                0x0000000008004d44                osMessageCreate
 .text.osMailCreate
                0x0000000008004d94       0xb0 ./Middlewares/Third_Party/FreeRTOS/Source/CMSIS_RTOS/cmsis_os.o
                0x0000000008004d94                osMailCreate
 .text.osDelayUntil
                0x0000000008004e44       0x2c ./Middlewares/Third_Party/FreeRTOS/Source/CMSIS_RTOS/cmsis_os.o
                0x0000000008004e44                osDelayUntil
 .text.vListInitialise
                0x0000000008004e70       0x3e ./Middlewares/Third_Party/FreeRTOS/Source/list.o
                0x0000000008004e70                vListInitialise
 .text.vListInitialiseItem
                0x0000000008004eae       0x18 ./Middlewares/Third_Party/FreeRTOS/Source/list.o
                0x0000000008004eae                vListInitialiseItem
 .text.vListInsertEnd
                0x0000000008004ec6       0x46 ./Middlewares/Third_Party/FreeRTOS/Source/list.o
                0x0000000008004ec6                vListInsertEnd
 .text.vListInsert
                0x0000000008004f0c       0x70 ./Middlewares/Third_Party/FreeRTOS/Source/list.o
                0x0000000008004f0c                vListInsert
 .text.uxListRemove
                0x0000000008004f7c       0x52 ./Middlewares/Third_Party/FreeRTOS/Source/list.o
                0x0000000008004f7c                uxListRemove
 *fill*         0x0000000008004fce        0x2 
 .text.xQueueGenericReset
                0x0000000008004fd0       0xd0 ./Middlewares/Third_Party/FreeRTOS/Source/queue.o
                0x0000000008004fd0                xQueueGenericReset
 .text.xQueueGenericCreateStatic
                0x00000000080050a0       0xee ./Middlewares/Third_Party/FreeRTOS/Source/queue.o
                0x00000000080050a0                xQueueGenericCreateStatic
 .text.xQueueGenericCreate
                0x000000000800518e       0x7c ./Middlewares/Third_Party/FreeRTOS/Source/queue.o
                0x000000000800518e                xQueueGenericCreate
 .text.prvInitialiseNewQueue
                0x000000000800520a       0x46 ./Middlewares/Third_Party/FreeRTOS/Source/queue.o
 .text.prvInitialiseMutex
                0x0000000008005250       0x34 ./Middlewares/Third_Party/FreeRTOS/Source/queue.o
 .text.xQueueCreateMutex
                0x0000000008005284       0x30 ./Middlewares/Third_Party/FreeRTOS/Source/queue.o
                0x0000000008005284                xQueueCreateMutex
 .text.xQueueCreateMutexStatic
                0x00000000080052b4       0x36 ./Middlewares/Third_Party/FreeRTOS/Source/queue.o
                0x00000000080052b4                xQueueCreateMutexStatic
 .text.xQueueCreateCountingSemaphoreStatic
                0x00000000080052ea       0x6e ./Middlewares/Third_Party/FreeRTOS/Source/queue.o
                0x00000000080052ea                xQueueCreateCountingSemaphoreStatic
 .text.xQueueCreateCountingSemaphore
                0x0000000008005358       0x66 ./Middlewares/Third_Party/FreeRTOS/Source/queue.o
                0x0000000008005358                xQueueCreateCountingSemaphore
 *fill*         0x00000000080053be        0x2 
 .text.xQueueGenericSend
                0x00000000080053c0      0x1fc ./Middlewares/Third_Party/FreeRTOS/Source/queue.o
                0x00000000080053c0                xQueueGenericSend
 .text.xQueueGenericSendFromISR
                0x00000000080055bc      0x130 ./Middlewares/Third_Party/FreeRTOS/Source/queue.o
                0x00000000080055bc                xQueueGenericSendFromISR
 .text.xQueueGiveFromISR
                0x00000000080056ec      0x11a ./Middlewares/Third_Party/FreeRTOS/Source/queue.o
                0x00000000080056ec                xQueueGiveFromISR
 *fill*         0x0000000008005806        0x2 
 .text.xQueueReceive
                0x0000000008005808      0x1c0 ./Middlewares/Third_Party/FreeRTOS/Source/queue.o
                0x0000000008005808                xQueueReceive
 .text.xQueueSemaphoreTake
                0x00000000080059c8      0x218 ./Middlewares/Third_Party/FreeRTOS/Source/queue.o
                0x00000000080059c8                xQueueSemaphoreTake
 .text.xQueueReceiveFromISR
                0x0000000008005be0      0x100 ./Middlewares/Third_Party/FreeRTOS/Source/queue.o
                0x0000000008005be0                xQueueReceiveFromISR
 .text.prvGetDisinheritPriorityAfterTimeout
                0x0000000008005ce0       0x2e ./Middlewares/Third_Party/FreeRTOS/Source/queue.o
 .text.prvCopyDataToQueue
                0x0000000008005d0e       0xd4 ./Middlewares/Third_Party/FreeRTOS/Source/queue.o
 .text.prvCopyDataFromQueue
                0x0000000008005de2       0x4c ./Middlewares/Third_Party/FreeRTOS/Source/queue.o
 .text.prvUnlockQueue
                0x0000000008005e2e       0xa4 ./Middlewares/Third_Party/FreeRTOS/Source/queue.o
 .text.prvIsQueueEmpty
                0x0000000008005ed2       0x2c ./Middlewares/Third_Party/FreeRTOS/Source/queue.o
 .text.prvIsQueueFull
                0x0000000008005efe       0x30 ./Middlewares/Third_Party/FreeRTOS/Source/queue.o
 *fill*         0x0000000008005f2e        0x2 
 .text.vQueueAddToRegistry
                0x0000000008005f30       0x50 ./Middlewares/Third_Party/FreeRTOS/Source/queue.o
                0x0000000008005f30                vQueueAddToRegistry
 .text.vQueueWaitForMessageRestricted
                0x0000000008005f80       0x68 ./Middlewares/Third_Party/FreeRTOS/Source/queue.o
                0x0000000008005f80                vQueueWaitForMessageRestricted
 .text.xTaskCreateStatic
                0x0000000008005fe8       0xb8 ./Middlewares/Third_Party/FreeRTOS/Source/tasks.o
                0x0000000008005fe8                xTaskCreateStatic
 .text.xTaskCreate
                0x00000000080060a0       0x8a ./Middlewares/Third_Party/FreeRTOS/Source/tasks.o
                0x00000000080060a0                xTaskCreate
 *fill*         0x000000000800612a        0x2 
 .text.prvInitialiseNewTask
                0x000000000800612c      0x158 ./Middlewares/Third_Party/FreeRTOS/Source/tasks.o
 .text.prvAddNewTaskToReadyList
                0x0000000008006284       0xdc ./Middlewares/Third_Party/FreeRTOS/Source/tasks.o
 .text.vTaskDelete
                0x0000000008006360      0x120 ./Middlewares/Third_Party/FreeRTOS/Source/tasks.o
                0x0000000008006360                vTaskDelete
 .text.vTaskDelayUntil
                0x0000000008006480       0xfc ./Middlewares/Third_Party/FreeRTOS/Source/tasks.o
                0x0000000008006480                vTaskDelayUntil
 .text.vTaskDelay
                0x000000000800657c       0x68 ./Middlewares/Third_Party/FreeRTOS/Source/tasks.o
                0x000000000800657c                vTaskDelay
 .text.vTaskStartScheduler
                0x00000000080065e4       0xe8 ./Middlewares/Third_Party/FreeRTOS/Source/tasks.o
                0x00000000080065e4                vTaskStartScheduler
 .text.vTaskSuspendAll
                0x00000000080066cc       0x1c ./Middlewares/Third_Party/FreeRTOS/Source/tasks.o
                0x00000000080066cc                vTaskSuspendAll
 .text.xTaskResumeAll
                0x00000000080066e8      0x138 ./Middlewares/Third_Party/FreeRTOS/Source/tasks.o
                0x00000000080066e8                xTaskResumeAll
 .text.xTaskGetTickCount
                0x0000000008006820       0x1c ./Middlewares/Third_Party/FreeRTOS/Source/tasks.o
                0x0000000008006820                xTaskGetTickCount
 .text.xTaskGetTickCountFromISR
                0x000000000800683c       0x24 ./Middlewares/Third_Party/FreeRTOS/Source/tasks.o
                0x000000000800683c                xTaskGetTickCountFromISR
 .text.xTaskIncrementTick
                0x0000000008006860      0x17c ./Middlewares/Third_Party/FreeRTOS/Source/tasks.o
                0x0000000008006860                xTaskIncrementTick
 .text.vTaskSwitchContext
                0x00000000080069dc      0x100 ./Middlewares/Third_Party/FreeRTOS/Source/tasks.o
                0x00000000080069dc                vTaskSwitchContext
 .text.vTaskPlaceOnEventList
                0x0000000008006adc       0x48 ./Middlewares/Third_Party/FreeRTOS/Source/tasks.o
                0x0000000008006adc                vTaskPlaceOnEventList
 .text.vTaskPlaceOnEventListRestricted
                0x0000000008006b24       0x58 ./Middlewares/Third_Party/FreeRTOS/Source/tasks.o
                0x0000000008006b24                vTaskPlaceOnEventListRestricted
 .text.xTaskRemoveFromEventList
                0x0000000008006b7c       0xc4 ./Middlewares/Third_Party/FreeRTOS/Source/tasks.o
                0x0000000008006b7c                xTaskRemoveFromEventList
 .text.vTaskInternalSetTimeOutState
                0x0000000008006c40       0x2c ./Middlewares/Third_Party/FreeRTOS/Source/tasks.o
                0x0000000008006c40                vTaskInternalSetTimeOutState
 .text.xTaskCheckForTimeOut
                0x0000000008006c6c       0xe4 ./Middlewares/Third_Party/FreeRTOS/Source/tasks.o
                0x0000000008006c6c                xTaskCheckForTimeOut
 .text.vTaskMissedYield
                0x0000000008006d50       0x18 ./Middlewares/Third_Party/FreeRTOS/Source/tasks.o
                0x0000000008006d50                vTaskMissedYield
 .text.prvIdleTask
                0x0000000008006d68       0x30 ./Middlewares/Third_Party/FreeRTOS/Source/tasks.o
 .text.prvInitialiseTaskLists
                0x0000000008006d98       0x80 ./Middlewares/Third_Party/FreeRTOS/Source/tasks.o
 .text.prvCheckTasksWaitingTermination
                0x0000000008006e18       0x5c ./Middlewares/Third_Party/FreeRTOS/Source/tasks.o
 .text.prvDeleteTCB
                0x0000000008006e74       0x68 ./Middlewares/Third_Party/FreeRTOS/Source/tasks.o
 .text.prvResetNextTaskUnblockTime
                0x0000000008006edc       0x48 ./Middlewares/Third_Party/FreeRTOS/Source/tasks.o
 .text.xTaskGetSchedulerState
                0x0000000008006f24       0x3c ./Middlewares/Third_Party/FreeRTOS/Source/tasks.o
                0x0000000008006f24                xTaskGetSchedulerState
 .text.xTaskPriorityInherit
                0x0000000008006f60      0x10c ./Middlewares/Third_Party/FreeRTOS/Source/tasks.o
                0x0000000008006f60                xTaskPriorityInherit
 .text.xTaskPriorityDisinherit
                0x000000000800706c      0x10c ./Middlewares/Third_Party/FreeRTOS/Source/tasks.o
                0x000000000800706c                xTaskPriorityDisinherit
 .text.vTaskPriorityDisinheritAfterTimeout
                0x0000000008007178      0x140 ./Middlewares/Third_Party/FreeRTOS/Source/tasks.o
                0x0000000008007178                vTaskPriorityDisinheritAfterTimeout
 .text.pvTaskIncrementMutexHeldCount
                0x00000000080072b8       0x28 ./Middlewares/Third_Party/FreeRTOS/Source/tasks.o
                0x00000000080072b8                pvTaskIncrementMutexHeldCount
 .text.xTaskNotifyWait
                0x00000000080072e0       0xc0 ./Middlewares/Third_Party/FreeRTOS/Source/tasks.o
                0x00000000080072e0                xTaskNotifyWait
 .text.xTaskGenericNotify
                0x00000000080073a0      0x154 ./Middlewares/Third_Party/FreeRTOS/Source/tasks.o
                0x00000000080073a0                xTaskGenericNotify
 .text.xTaskGenericNotifyFromISR
                0x00000000080074f4      0x1a0 ./Middlewares/Third_Party/FreeRTOS/Source/tasks.o
                0x00000000080074f4                xTaskGenericNotifyFromISR
 .text.prvAddCurrentTaskToDelayedList
                0x0000000008007694       0xd4 ./Middlewares/Third_Party/FreeRTOS/Source/tasks.o
 .text.xTimerCreateTimerTask
                0x0000000008007768       0x90 ./Middlewares/Third_Party/FreeRTOS/Source/timers.o
                0x0000000008007768                xTimerCreateTimerTask
 .text.xTimerGenericCommand
                0x00000000080077f8       0x9c ./Middlewares/Third_Party/FreeRTOS/Source/timers.o
                0x00000000080077f8                xTimerGenericCommand
 .text.prvProcessExpiredTimer
                0x0000000008007894       0x80 ./Middlewares/Third_Party/FreeRTOS/Source/timers.o
 .text.prvTimerTask
                0x0000000008007914       0x24 ./Middlewares/Third_Party/FreeRTOS/Source/timers.o
 .text.prvProcessTimerOrBlockTask
                0x0000000008007938       0x9c ./Middlewares/Third_Party/FreeRTOS/Source/timers.o
 .text.prvGetNextExpireTime
                0x00000000080079d4       0x48 ./Middlewares/Third_Party/FreeRTOS/Source/timers.o
 .text.prvSampleTimeNow
                0x0000000008007a1c       0x40 ./Middlewares/Third_Party/FreeRTOS/Source/timers.o
 .text.prvInsertTimerInActiveList
                0x0000000008007a5c       0x84 ./Middlewares/Third_Party/FreeRTOS/Source/timers.o
 .text.prvProcessReceivedCommands
                0x0000000008007ae0      0x168 ./Middlewares/Third_Party/FreeRTOS/Source/timers.o
 .text.prvSwitchTimerLists
                0x0000000008007c48       0xc4 ./Middlewares/Third_Party/FreeRTOS/Source/timers.o
 .text.prvCheckForValidListAndQueue
                0x0000000008007d0c       0x80 ./Middlewares/Third_Party/FreeRTOS/Source/timers.o
 .text.pxPortInitialiseStack
                0x0000000008007d8c       0x58 ./Middlewares/Third_Party/FreeRTOS/Source/portable/GCC/ARM_CM3/port.o
                0x0000000008007d8c                pxPortInitialiseStack
 .text.prvTaskExitError
                0x0000000008007de4       0x58 ./Middlewares/Third_Party/FreeRTOS/Source/portable/GCC/ARM_CM3/port.o
 *fill*         0x0000000008007e3c        0x4 
 .text.SVC_Handler
                0x0000000008007e40       0x28 ./Middlewares/Third_Party/FreeRTOS/Source/portable/GCC/ARM_CM3/port.o
                0x0000000008007e40                SVC_Handler
 .text.prvPortStartFirstTask
                0x0000000008007e68       0x20 ./Middlewares/Third_Party/FreeRTOS/Source/portable/GCC/ARM_CM3/port.o
 .text.xPortStartScheduler
                0x0000000008007e88       0xe4 ./Middlewares/Third_Party/FreeRTOS/Source/portable/GCC/ARM_CM3/port.o
                0x0000000008007e88                xPortStartScheduler
 .text.vPortEnterCritical
                0x0000000008007f6c       0x60 ./Middlewares/Third_Party/FreeRTOS/Source/portable/GCC/ARM_CM3/port.o
                0x0000000008007f6c                vPortEnterCritical
 .text.vPortExitCritical
                0x0000000008007fcc       0x50 ./Middlewares/Third_Party/FreeRTOS/Source/portable/GCC/ARM_CM3/port.o
                0x0000000008007fcc                vPortExitCritical
 *fill*         0x000000000800801c        0x4 
 .text.PendSV_Handler
                0x0000000008008020       0x48 ./Middlewares/Third_Party/FreeRTOS/Source/portable/GCC/ARM_CM3/port.o
                0x0000000008008020                PendSV_Handler
 .text.xPortSysTickHandler
                0x0000000008008068       0x44 ./Middlewares/Third_Party/FreeRTOS/Source/portable/GCC/ARM_CM3/port.o
                0x0000000008008068                xPortSysTickHandler
 .text.vPortSetupTimerInterrupt
                0x00000000080080ac       0x44 ./Middlewares/Third_Party/FreeRTOS/Source/portable/GCC/ARM_CM3/port.o
                0x00000000080080ac                vPortSetupTimerInterrupt
 .text.vPortValidateInterruptPriority
                0x00000000080080f0       0x7c ./Middlewares/Third_Party/FreeRTOS/Source/portable/GCC/ARM_CM3/port.o
                0x00000000080080f0                vPortValidateInterruptPriority
 .text.pvPortMalloc
                0x000000000800816c      0x188 ./Middlewares/Third_Party/FreeRTOS/Source/portable/MemMang/heap_4.o
                0x000000000800816c                pvPortMalloc
 .text.vPortFree
                0x00000000080082f4       0xb4 ./Middlewares/Third_Party/FreeRTOS/Source/portable/MemMang/heap_4.o
                0x00000000080082f4                vPortFree
 .text.prvHeapInit
                0x00000000080083a8       0xc4 ./Middlewares/Third_Party/FreeRTOS/Source/portable/MemMang/heap_4.o
 .text.prvInsertBlockIntoFreeList
                0x000000000800846c       0xb0 ./Middlewares/Third_Party/FreeRTOS/Source/portable/MemMang/heap_4.o
 .text.LCD_WR_REG
                0x000000000800851c       0x28 ./UserApp/Lcd/lcd.o
                0x000000000800851c                LCD_WR_REG
 .text.LCD_WR_DATA
                0x0000000008008544       0x28 ./UserApp/Lcd/lcd.o
                0x0000000008008544                LCD_WR_DATA
 .text.LCD_RD_DATA
                0x000000000800856c       0x20 ./UserApp/Lcd/lcd.o
                0x000000000800856c                LCD_RD_DATA
 .text.LCD_WriteReg
                0x000000000800858c       0x2c ./UserApp/Lcd/lcd.o
                0x000000000800858c                LCD_WriteReg
 .text.LCD_WriteRAM_Prepare
                0x00000000080085b8       0x1c ./UserApp/Lcd/lcd.o
                0x00000000080085b8                LCD_WriteRAM_Prepare
 .text.LCD_SetCursor
                0x00000000080085d4      0x1c4 ./UserApp/Lcd/lcd.o
                0x00000000080085d4                LCD_SetCursor
 .text.LCD_Scan_Dir
                0x0000000008008798      0x33c ./UserApp/Lcd/lcd.o
                0x0000000008008798                LCD_Scan_Dir
 .text.LCD_Fast_DrawPoint
                0x0000000008008ad4      0x194 ./UserApp/Lcd/lcd.o
                0x0000000008008ad4                LCD_Fast_DrawPoint
 .text.LCD_SSD_BackLightSet
                0x0000000008008c68       0x68 ./UserApp/Lcd/lcd.o
                0x0000000008008c68                LCD_SSD_BackLightSet
 .text.LCD_Display_Dir
                0x0000000008008cd0      0x1a0 ./UserApp/Lcd/lcd.o
                0x0000000008008cd0                LCD_Display_Dir
 .text.LCD_Init
                0x0000000008008e70     0x23e0 ./UserApp/Lcd/lcd.o
                0x0000000008008e70                LCD_Init
 .text.LCD_Clear
                0x000000000800b250       0x5c ./UserApp/Lcd/lcd.o
                0x000000000800b250                LCD_Clear
 .text.LCD_ShowChar
                0x000000000800b2ac      0x178 ./UserApp/Lcd/lcd.o
                0x000000000800b2ac                LCD_ShowChar
 .text.LCD_ShowString
                0x000000000800b424       0x9a ./UserApp/Lcd/lcd.o
                0x000000000800b424                LCD_ShowString
 *fill*         0x000000000800b4be        0x2 
 .text.Main     0x000000000800b4c0       0x38 ./UserApp/Main.o
                0x000000000800b4c0                Main
 .text._ZN11EEPROMClass3MaxIiEERKT_S3_S3_
                0x000000000800b4f8       0x28 ./UserApp/Main.o
                0x000000000800b4f8                int const& EEPROMClass::Max<int>(int const&, int const&)
 .text.usmart_sys_cmd_exe
                0x000000000800b520      0x2fc ./Usmart/usmart.o
                0x000000000800b520                usmart_sys_cmd_exe
 .text.usmart_reset_runtime
                0x000000000800b81c       0x40 ./Usmart/usmart.o
                0x000000000800b81c                usmart_reset_runtime
 .text.usmart_get_runtime
                0x000000000800b85c       0x50 ./Usmart/usmart.o
                0x000000000800b85c                usmart_get_runtime
 .text.Timer4_Init
                0x000000000800b8ac       0x70 ./Usmart/usmart.o
                0x000000000800b8ac                Timer4_Init
 .text.usmart_init
                0x000000000800b91c       0x44 ./Usmart/usmart.o
                0x000000000800b91c                usmart_init
 .text.usmart_cmd_rec
                0x000000000800b960       0xf8 ./Usmart/usmart.o
                0x000000000800b960                usmart_cmd_rec
 .text.usmart_exe
                0x000000000800ba58      0x3ec ./Usmart/usmart.o
                0x000000000800ba58                usmart_exe
 .text.usmart_scan
                0x000000000800be44       0xbc ./Usmart/usmart.o
                0x000000000800be44                usmart_scan
 .text.read_addr
                0x000000000800bf00       0x16 ./Usmart/usmart.o
                0x000000000800bf00                read_addr
 .text.write_addr
                0x000000000800bf16       0x1a ./Usmart/usmart.o
                0x000000000800bf16                write_addr
 .text.usmart_strcmp
                0x000000000800bf30       0x3e ./Usmart/usmart_str.o
                0x000000000800bf30                usmart_strcmp
 .text.usmart_strcopy
                0x000000000800bf6e       0x34 ./Usmart/usmart_str.o
                0x000000000800bf6e                usmart_strcopy
 .text.usmart_strlen
                0x000000000800bfa2       0x30 ./Usmart/usmart_str.o
                0x000000000800bfa2                usmart_strlen
 .text.usmart_pow
                0x000000000800bfd2       0x36 ./Usmart/usmart_str.o
                0x000000000800bfd2                usmart_pow
 .text.usmart_str2num
                0x000000000800c008      0x174 ./Usmart/usmart_str.o
                0x000000000800c008                usmart_str2num
 .text.usmart_get_cmdname
                0x000000000800c17c       0x66 ./Usmart/usmart_str.o
                0x000000000800c17c                usmart_get_cmdname
 .text.usmart_search_nextc
                0x000000000800c1e2       0x32 ./Usmart/usmart_str.o
                0x000000000800c1e2                usmart_search_nextc
 .text.usmart_get_fname
                0x000000000800c214      0x288 ./Usmart/usmart_str.o
                0x000000000800c214                usmart_get_fname
 .text.usmart_get_aparm
                0x000000000800c49c      0x162 ./Usmart/usmart_str.o
                0x000000000800c49c                usmart_get_aparm
 *fill*         0x000000000800c5fe        0x2 
 .text.usmart_get_parmpos
                0x000000000800c600       0x40 ./Usmart/usmart_str.o
                0x000000000800c600                usmart_get_parmpos
 .text.usmart_get_fparam
                0x000000000800c640      0x1bc ./Usmart/usmart_str.o
                0x000000000800c640                usmart_get_fparam
 .text.__errno  0x000000000800c7fc        0xc d:/st/stm32cubeide_1.9.0/stm32cubeide/plugins/com.st.stm32cube.ide.mcu.externaltools.gnu-tools-for-stm32.10.3-2021.10.win32_1.0.0.202111181127/tools/bin/../lib/gcc/arm-none-eabi/10.3.1/../../../../arm-none-eabi/lib/thumb/v7-m/nofp\libc_nano.a(lib_a-errno.o)
                0x000000000800c7fc                __errno
 .text.std      0x000000000800c808       0x48 d:/st/stm32cubeide_1.9.0/stm32cubeide/plugins/com.st.stm32cube.ide.mcu.externaltools.gnu-tools-for-stm32.10.3-2021.10.win32_1.0.0.202111181127/tools/bin/../lib/gcc/arm-none-eabi/10.3.1/../../../../arm-none-eabi/lib/thumb/v7-m/nofp\libc_nano.a(lib_a-findfp.o)
 .text._cleanup_r
                0x000000000800c850        0xc d:/st/stm32cubeide_1.9.0/stm32cubeide/plugins/com.st.stm32cube.ide.mcu.externaltools.gnu-tools-for-stm32.10.3-2021.10.win32_1.0.0.202111181127/tools/bin/../lib/gcc/arm-none-eabi/10.3.1/../../../../arm-none-eabi/lib/thumb/v7-m/nofp\libc_nano.a(lib_a-findfp.o)
                0x000000000800c850                _cleanup_r
 .text.__sfmoreglue
                0x000000000800c85c       0x2c d:/st/stm32cubeide_1.9.0/stm32cubeide/plugins/com.st.stm32cube.ide.mcu.externaltools.gnu-tools-for-stm32.10.3-2021.10.win32_1.0.0.202111181127/tools/bin/../lib/gcc/arm-none-eabi/10.3.1/../../../../arm-none-eabi/lib/thumb/v7-m/nofp\libc_nano.a(lib_a-findfp.o)
                0x000000000800c85c                __sfmoreglue
 .text.__sfp_lock_acquire
                0x000000000800c888        0xc d:/st/stm32cubeide_1.9.0/stm32cubeide/plugins/com.st.stm32cube.ide.mcu.externaltools.gnu-tools-for-stm32.10.3-2021.10.win32_1.0.0.202111181127/tools/bin/../lib/gcc/arm-none-eabi/10.3.1/../../../../arm-none-eabi/lib/thumb/v7-m/nofp\libc_nano.a(lib_a-findfp.o)
                0x000000000800c888                __sfp_lock_acquire
 .text.__sfp_lock_release
                0x000000000800c894        0xc d:/st/stm32cubeide_1.9.0/stm32cubeide/plugins/com.st.stm32cube.ide.mcu.externaltools.gnu-tools-for-stm32.10.3-2021.10.win32_1.0.0.202111181127/tools/bin/../lib/gcc/arm-none-eabi/10.3.1/../../../../arm-none-eabi/lib/thumb/v7-m/nofp\libc_nano.a(lib_a-findfp.o)
                0x000000000800c894                __sfp_lock_release
 .text.__sinit_lock_acquire
                0x000000000800c8a0        0xc d:/st/stm32cubeide_1.9.0/stm32cubeide/plugins/com.st.stm32cube.ide.mcu.externaltools.gnu-tools-for-stm32.10.3-2021.10.win32_1.0.0.202111181127/tools/bin/../lib/gcc/arm-none-eabi/10.3.1/../../../../arm-none-eabi/lib/thumb/v7-m/nofp\libc_nano.a(lib_a-findfp.o)
                0x000000000800c8a0                __sinit_lock_acquire
 .text.__sinit_lock_release
                0x000000000800c8ac        0xc d:/st/stm32cubeide_1.9.0/stm32cubeide/plugins/com.st.stm32cube.ide.mcu.externaltools.gnu-tools-for-stm32.10.3-2021.10.win32_1.0.0.202111181127/tools/bin/../lib/gcc/arm-none-eabi/10.3.1/../../../../arm-none-eabi/lib/thumb/v7-m/nofp\libc_nano.a(lib_a-findfp.o)
                0x000000000800c8ac                __sinit_lock_release
 .text.__sinit  0x000000000800c8b8       0x70 d:/st/stm32cubeide_1.9.0/stm32cubeide/plugins/com.st.stm32cube.ide.mcu.externaltools.gnu-tools-for-stm32.10.3-2021.10.win32_1.0.0.202111181127/tools/bin/../lib/gcc/arm-none-eabi/10.3.1/../../../../arm-none-eabi/lib/thumb/v7-m/nofp\libc_nano.a(lib_a-findfp.o)
                0x000000000800c8b8                __sinit
 .text.__sfp    0x000000000800c928       0x8c d:/st/stm32cubeide_1.9.0/stm32cubeide/plugins/com.st.stm32cube.ide.mcu.externaltools.gnu-tools-for-stm32.10.3-2021.10.win32_1.0.0.202111181127/tools/bin/../lib/gcc/arm-none-eabi/10.3.1/../../../../arm-none-eabi/lib/thumb/v7-m/nofp\libc_nano.a(lib_a-findfp.o)
                0x000000000800c928                __sfp
 .text._fwalk_reent
                0x000000000800c9b4       0x3e d:/st/stm32cubeide_1.9.0/stm32cubeide/plugins/com.st.stm32cube.ide.mcu.externaltools.gnu-tools-for-stm32.10.3-2021.10.win32_1.0.0.202111181127/tools/bin/../lib/gcc/arm-none-eabi/10.3.1/../../../../arm-none-eabi/lib/thumb/v7-m/nofp\libc_nano.a(lib_a-fwalk.o)
                0x000000000800c9b4                _fwalk_reent
 *fill*         0x000000000800c9f2        0x2 
 .text.__libc_init_array
                0x000000000800c9f4       0x48 d:/st/stm32cubeide_1.9.0/stm32cubeide/plugins/com.st.stm32cube.ide.mcu.externaltools.gnu-tools-for-stm32.10.3-2021.10.win32_1.0.0.202111181127/tools/bin/../lib/gcc/arm-none-eabi/10.3.1/../../../../arm-none-eabi/lib/thumb/v7-m/nofp\libc_nano.a(lib_a-init.o)
                0x000000000800c9f4                __libc_init_array
 .text.__retarget_lock_init_recursive
                0x000000000800ca3c        0x2 d:/st/stm32cubeide_1.9.0/stm32cubeide/plugins/com.st.stm32cube.ide.mcu.externaltools.gnu-tools-for-stm32.10.3-2021.10.win32_1.0.0.202111181127/tools/bin/../lib/gcc/arm-none-eabi/10.3.1/../../../../arm-none-eabi/lib/thumb/v7-m/nofp\libc_nano.a(lib_a-lock.o)
                0x000000000800ca3c                __retarget_lock_init_recursive
 .text.__retarget_lock_acquire_recursive
                0x000000000800ca3e        0x2 d:/st/stm32cubeide_1.9.0/stm32cubeide/plugins/com.st.stm32cube.ide.mcu.externaltools.gnu-tools-for-stm32.10.3-2021.10.win32_1.0.0.202111181127/tools/bin/../lib/gcc/arm-none-eabi/10.3.1/../../../../arm-none-eabi/lib/thumb/v7-m/nofp\libc_nano.a(lib_a-lock.o)
                0x000000000800ca3e                __retarget_lock_acquire_recursive
 .text.__retarget_lock_release_recursive
                0x000000000800ca40        0x2 d:/st/stm32cubeide_1.9.0/stm32cubeide/plugins/com.st.stm32cube.ide.mcu.externaltools.gnu-tools-for-stm32.10.3-2021.10.win32_1.0.0.202111181127/tools/bin/../lib/gcc/arm-none-eabi/10.3.1/../../../../arm-none-eabi/lib/thumb/v7-m/nofp\libc_nano.a(lib_a-lock.o)
                0x000000000800ca40                __retarget_lock_release_recursive
 .text.memcpy   0x000000000800ca42       0x1c d:/st/stm32cubeide_1.9.0/stm32cubeide/plugins/com.st.stm32cube.ide.mcu.externaltools.gnu-tools-for-stm32.10.3-2021.10.win32_1.0.0.202111181127/tools/bin/../lib/gcc/arm-none-eabi/10.3.1/../../../../arm-none-eabi/lib/thumb/v7-m/nofp\libc_nano.a(lib_a-memcpy-stub.o)
                0x000000000800ca42                memcpy
 .text.memset   0x000000000800ca5e       0x10 d:/st/stm32cubeide_1.9.0/stm32cubeide/plugins/com.st.stm32cube.ide.mcu.externaltools.gnu-tools-for-stm32.10.3-2021.10.win32_1.0.0.202111181127/tools/bin/../lib/gcc/arm-none-eabi/10.3.1/../../../../arm-none-eabi/lib/thumb/v7-m/nofp\libc_nano.a(lib_a-memset.o)
                0x000000000800ca5e                memset
 *fill*         0x000000000800ca6e        0x2 
 .text.sbrk_aligned
                0x000000000800ca70       0x40 d:/st/stm32cubeide_1.9.0/stm32cubeide/plugins/com.st.stm32cube.ide.mcu.externaltools.gnu-tools-for-stm32.10.3-2021.10.win32_1.0.0.202111181127/tools/bin/../lib/gcc/arm-none-eabi/10.3.1/../../../../arm-none-eabi/lib/thumb/v7-m/nofp\libc_nano.a(lib_a-nano-mallocr.o)
 .text._malloc_r
                0x000000000800cab0       0xe8 d:/st/stm32cubeide_1.9.0/stm32cubeide/plugins/com.st.stm32cube.ide.mcu.externaltools.gnu-tools-for-stm32.10.3-2021.10.win32_1.0.0.202111181127/tools/bin/../lib/gcc/arm-none-eabi/10.3.1/../../../../arm-none-eabi/lib/thumb/v7-m/nofp\libc_nano.a(lib_a-nano-mallocr.o)
                0x000000000800cab0                _malloc_r
 .text.__cvt    0x000000000800cb98       0xbe d:/st/stm32cubeide_1.9.0/stm32cubeide/plugins/com.st.stm32cube.ide.mcu.externaltools.gnu-tools-for-stm32.10.3-2021.10.win32_1.0.0.202111181127/tools/bin/../lib/gcc/arm-none-eabi/10.3.1/../../../../arm-none-eabi/lib/thumb/v7-m/nofp\libc_nano.a(lib_a-nano-vfprintf_float.o)
                0x000000000800cb98                __cvt
 .text.__exponent
                0x000000000800cc56       0x7c d:/st/stm32cubeide_1.9.0/stm32cubeide/plugins/com.st.stm32cube.ide.mcu.externaltools.gnu-tools-for-stm32.10.3-2021.10.win32_1.0.0.202111181127/tools/bin/../lib/gcc/arm-none-eabi/10.3.1/../../../../arm-none-eabi/lib/thumb/v7-m/nofp\libc_nano.a(lib_a-nano-vfprintf_float.o)
                0x000000000800cc56                __exponent
 *fill*         0x000000000800ccd2        0x2 
 .text._printf_float
                0x000000000800ccd4      0x458 d:/st/stm32cubeide_1.9.0/stm32cubeide/plugins/com.st.stm32cube.ide.mcu.externaltools.gnu-tools-for-stm32.10.3-2021.10.win32_1.0.0.202111181127/tools/bin/../lib/gcc/arm-none-eabi/10.3.1/../../../../arm-none-eabi/lib/thumb/v7-m/nofp\libc_nano.a(lib_a-nano-vfprintf_float.o)
                0x000000000800ccd4                _printf_float
 .text._printf_common
                0x000000000800d12c       0xde d:/st/stm32cubeide_1.9.0/stm32cubeide/plugins/com.st.stm32cube.ide.mcu.externaltools.gnu-tools-for-stm32.10.3-2021.10.win32_1.0.0.202111181127/tools/bin/../lib/gcc/arm-none-eabi/10.3.1/../../../../arm-none-eabi/lib/thumb/v7-m/nofp\libc_nano.a(lib_a-nano-vfprintf_i.o)
                0x000000000800d12c                _printf_common
 *fill*         0x000000000800d20a        0x2 
 .text._printf_i
                0x000000000800d20c      0x24c d:/st/stm32cubeide_1.9.0/stm32cubeide/plugins/com.st.stm32cube.ide.mcu.externaltools.gnu-tools-for-stm32.10.3-2021.10.win32_1.0.0.202111181127/tools/bin/../lib/gcc/arm-none-eabi/10.3.1/../../../../arm-none-eabi/lib/thumb/v7-m/nofp\libc_nano.a(lib_a-nano-vfprintf_i.o)
                0x000000000800d20c                _printf_i
 .text.printf   0x000000000800d458       0x30 d:/st/stm32cubeide_1.9.0/stm32cubeide/plugins/com.st.stm32cube.ide.mcu.externaltools.gnu-tools-for-stm32.10.3-2021.10.win32_1.0.0.202111181127/tools/bin/../lib/gcc/arm-none-eabi/10.3.1/../../../../arm-none-eabi/lib/thumb/v7-m/nofp\libc_nano.a(lib_a-printf.o)
                0x000000000800d458                iprintf
                0x000000000800d458                printf
 .text.putchar  0x000000000800d488       0x28 d:/st/stm32cubeide_1.9.0/stm32cubeide/plugins/com.st.stm32cube.ide.mcu.externaltools.gnu-tools-for-stm32.10.3-2021.10.win32_1.0.0.202111181127/tools/bin/../lib/gcc/arm-none-eabi/10.3.1/../../../../arm-none-eabi/lib/thumb/v7-m/nofp\libc_nano.a(lib_a-putchar.o)
                0x000000000800d488                putchar
 .text._puts_r  0x000000000800d4b0       0xdc d:/st/stm32cubeide_1.9.0/stm32cubeide/plugins/com.st.stm32cube.ide.mcu.externaltools.gnu-tools-for-stm32.10.3-2021.10.win32_1.0.0.202111181127/tools/bin/../lib/gcc/arm-none-eabi/10.3.1/../../../../arm-none-eabi/lib/thumb/v7-m/nofp\libc_nano.a(lib_a-puts.o)
                0x000000000800d4b0                _puts_r
 .text.puts     0x000000000800d58c       0x10 d:/st/stm32cubeide_1.9.0/stm32cubeide/plugins/com.st.stm32cube.ide.mcu.externaltools.gnu-tools-for-stm32.10.3-2021.10.win32_1.0.0.202111181127/tools/bin/../lib/gcc/arm-none-eabi/10.3.1/../../../../arm-none-eabi/lib/thumb/v7-m/nofp\libc_nano.a(lib_a-puts.o)
                0x000000000800d58c                puts
 .text.cleanup_glue
                0x000000000800d59c       0x1a d:/st/stm32cubeide_1.9.0/stm32cubeide/plugins/com.st.stm32cube.ide.mcu.externaltools.gnu-tools-for-stm32.10.3-2021.10.win32_1.0.0.202111181127/tools/bin/../lib/gcc/arm-none-eabi/10.3.1/../../../../arm-none-eabi/lib/thumb/v7-m/nofp\libc_nano.a(lib_a-reent.o)
                0x000000000800d59c                cleanup_glue
 *fill*         0x000000000800d5b6        0x2 
 .text._reclaim_reent
                0x000000000800d5b8       0xb8 d:/st/stm32cubeide_1.9.0/stm32cubeide/plugins/com.st.stm32cube.ide.mcu.externaltools.gnu-tools-for-stm32.10.3-2021.10.win32_1.0.0.202111181127/tools/bin/../lib/gcc/arm-none-eabi/10.3.1/../../../../arm-none-eabi/lib/thumb/v7-m/nofp\libc_nano.a(lib_a-reent.o)
                0x000000000800d5b8                _reclaim_reent
 .text._sbrk_r  0x000000000800d670       0x20 d:/st/stm32cubeide_1.9.0/stm32cubeide/plugins/com.st.stm32cube.ide.mcu.externaltools.gnu-tools-for-stm32.10.3-2021.10.win32_1.0.0.202111181127/tools/bin/../lib/gcc/arm-none-eabi/10.3.1/../../../../arm-none-eabi/lib/thumb/v7-m/nofp\libc_nano.a(lib_a-sbrkr.o)
                0x000000000800d670                _sbrk_r
 .text.__sread  0x000000000800d690       0x22 d:/st/stm32cubeide_1.9.0/stm32cubeide/plugins/com.st.stm32cube.ide.mcu.externaltools.gnu-tools-for-stm32.10.3-2021.10.win32_1.0.0.202111181127/tools/bin/../lib/gcc/arm-none-eabi/10.3.1/../../../../arm-none-eabi/lib/thumb/v7-m/nofp\libc_nano.a(lib_a-stdio.o)
                0x000000000800d690                __sread
 .text.__swrite
                0x000000000800d6b2       0x38 d:/st/stm32cubeide_1.9.0/stm32cubeide/plugins/com.st.stm32cube.ide.mcu.externaltools.gnu-tools-for-stm32.10.3-2021.10.win32_1.0.0.202111181127/tools/bin/../lib/gcc/arm-none-eabi/10.3.1/../../../../arm-none-eabi/lib/thumb/v7-m/nofp\libc_nano.a(lib_a-stdio.o)
                0x000000000800d6b2                __swrite
 .text.__sseek  0x000000000800d6ea       0x24 d:/st/stm32cubeide_1.9.0/stm32cubeide/plugins/com.st.stm32cube.ide.mcu.externaltools.gnu-tools-for-stm32.10.3-2021.10.win32_1.0.0.202111181127/tools/bin/../lib/gcc/arm-none-eabi/10.3.1/../../../../arm-none-eabi/lib/thumb/v7-m/nofp\libc_nano.a(lib_a-stdio.o)
                0x000000000800d6ea                __sseek
 .text.__sclose
                0x000000000800d70e        0x8 d:/st/stm32cubeide_1.9.0/stm32cubeide/plugins/com.st.stm32cube.ide.mcu.externaltools.gnu-tools-for-stm32.10.3-2021.10.win32_1.0.0.202111181127/tools/bin/../lib/gcc/arm-none-eabi/10.3.1/../../../../arm-none-eabi/lib/thumb/v7-m/nofp\libc_nano.a(lib_a-stdio.o)
                0x000000000800d70e                __sclose
 *fill*         0x000000000800d716        0x2 
 .text.__swbuf_r
                0x000000000800d718       0xa4 d:/st/stm32cubeide_1.9.0/stm32cubeide/plugins/com.st.stm32cube.ide.mcu.externaltools.gnu-tools-for-stm32.10.3-2021.10.win32_1.0.0.202111181127/tools/bin/../lib/gcc/arm-none-eabi/10.3.1/../../../../arm-none-eabi/lib/thumb/v7-m/nofp\libc_nano.a(lib_a-wbuf.o)
                0x000000000800d718                __swbuf_r
 .text._write_r
                0x000000000800d7bc       0x24 d:/st/stm32cubeide_1.9.0/stm32cubeide/plugins/com.st.stm32cube.ide.mcu.externaltools.gnu-tools-for-stm32.10.3-2021.10.win32_1.0.0.202111181127/tools/bin/../lib/gcc/arm-none-eabi/10.3.1/../../../../arm-none-eabi/lib/thumb/v7-m/nofp\libc_nano.a(lib_a-writer.o)
                0x000000000800d7bc                _write_r
 .text.__swsetup_r
                0x000000000800d7e0       0xdc d:/st/stm32cubeide_1.9.0/stm32cubeide/plugins/com.st.stm32cube.ide.mcu.externaltools.gnu-tools-for-stm32.10.3-2021.10.win32_1.0.0.202111181127/tools/bin/../lib/gcc/arm-none-eabi/10.3.1/../../../../arm-none-eabi/lib/thumb/v7-m/nofp\libc_nano.a(lib_a-wsetup.o)
                0x000000000800d7e0                __swsetup_r
 .text._close_r
                0x000000000800d8bc       0x20 d:/st/stm32cubeide_1.9.0/stm32cubeide/plugins/com.st.stm32cube.ide.mcu.externaltools.gnu-tools-for-stm32.10.3-2021.10.win32_1.0.0.202111181127/tools/bin/../lib/gcc/arm-none-eabi/10.3.1/../../../../arm-none-eabi/lib/thumb/v7-m/nofp\libc_nano.a(lib_a-closer.o)
                0x000000000800d8bc                _close_r
 .text.quorem   0x000000000800d8dc      0x118 d:/st/stm32cubeide_1.9.0/stm32cubeide/plugins/com.st.stm32cube.ide.mcu.externaltools.gnu-tools-for-stm32.10.3-2021.10.win32_1.0.0.202111181127/tools/bin/../lib/gcc/arm-none-eabi/10.3.1/../../../../arm-none-eabi/lib/thumb/v7-m/nofp\libc_nano.a(lib_a-dtoa.o)
 *fill*         0x000000000800d9f4        0x4 
 .text._dtoa_r  0x000000000800d9f8      0xbdc d:/st/stm32cubeide_1.9.0/stm32cubeide/plugins/com.st.stm32cube.ide.mcu.externaltools.gnu-tools-for-stm32.10.3-2021.10.win32_1.0.0.202111181127/tools/bin/../lib/gcc/arm-none-eabi/10.3.1/../../../../arm-none-eabi/lib/thumb/v7-m/nofp\libc_nano.a(lib_a-dtoa.o)
                0x000000000800d9f8                _dtoa_r
 .text.__sflush_r
                0x000000000800e5d4      0x104 d:/st/stm32cubeide_1.9.0/stm32cubeide/plugins/com.st.stm32cube.ide.mcu.externaltools.gnu-tools-for-stm32.10.3-2021.10.win32_1.0.0.202111181127/tools/bin/../lib/gcc/arm-none-eabi/10.3.1/../../../../arm-none-eabi/lib/thumb/v7-m/nofp\libc_nano.a(lib_a-fflush.o)
                0x000000000800e5d4                __sflush_r
 .text._fflush_r
                0x000000000800e6d8       0x78 d:/st/stm32cubeide_1.9.0/stm32cubeide/plugins/com.st.stm32cube.ide.mcu.externaltools.gnu-tools-for-stm32.10.3-2021.10.win32_1.0.0.202111181127/tools/bin/../lib/gcc/arm-none-eabi/10.3.1/../../../../arm-none-eabi/lib/thumb/v7-m/nofp\libc_nano.a(lib_a-fflush.o)
                0x000000000800e6d8                _fflush_r
 .text._localeconv_r
                0x000000000800e750        0x8 d:/st/stm32cubeide_1.9.0/stm32cubeide/plugins/com.st.stm32cube.ide.mcu.externaltools.gnu-tools-for-stm32.10.3-2021.10.win32_1.0.0.202111181127/tools/bin/../lib/gcc/arm-none-eabi/10.3.1/../../../../arm-none-eabi/lib/thumb/v7-m/nofp\libc_nano.a(lib_a-localeconv.o)
                0x000000000800e750                _localeconv_r
 .text._lseek_r
                0x000000000800e758       0x24 d:/st/stm32cubeide_1.9.0/stm32cubeide/plugins/com.st.stm32cube.ide.mcu.externaltools.gnu-tools-for-stm32.10.3-2021.10.win32_1.0.0.202111181127/tools/bin/../lib/gcc/arm-none-eabi/10.3.1/../../../../arm-none-eabi/lib/thumb/v7-m/nofp\libc_nano.a(lib_a-lseekr.o)
                0x000000000800e758                _lseek_r
 .text.__swhatbuf_r
                0x000000000800e77c       0x4a d:/st/stm32cubeide_1.9.0/stm32cubeide/plugins/com.st.stm32cube.ide.mcu.externaltools.gnu-tools-for-stm32.10.3-2021.10.win32_1.0.0.202111181127/tools/bin/../lib/gcc/arm-none-eabi/10.3.1/../../../../arm-none-eabi/lib/thumb/v7-m/nofp\libc_nano.a(lib_a-makebuf.o)
                0x000000000800e77c                __swhatbuf_r
 *fill*         0x000000000800e7c6        0x2 
 .text.__smakebuf_r
                0x000000000800e7c8       0x80 d:/st/stm32cubeide_1.9.0/stm32cubeide/plugins/com.st.stm32cube.ide.mcu.externaltools.gnu-tools-for-stm32.10.3-2021.10.win32_1.0.0.202111181127/tools/bin/../lib/gcc/arm-none-eabi/10.3.1/../../../../arm-none-eabi/lib/thumb/v7-m/nofp\libc_nano.a(lib_a-makebuf.o)
                0x000000000800e7c8                __smakebuf_r
 .text.malloc   0x000000000800e848       0x10 d:/st/stm32cubeide_1.9.0/stm32cubeide/plugins/com.st.stm32cube.ide.mcu.externaltools.gnu-tools-for-stm32.10.3-2021.10.win32_1.0.0.202111181127/tools/bin/../lib/gcc/arm-none-eabi/10.3.1/../../../../arm-none-eabi/lib/thumb/v7-m/nofp\libc_nano.a(lib_a-malloc.o)
                0x000000000800e848                malloc
 .text.memchr   0x000000000800e858       0x1c d:/st/stm32cubeide_1.9.0/stm32cubeide/plugins/com.st.stm32cube.ide.mcu.externaltools.gnu-tools-for-stm32.10.3-2021.10.win32_1.0.0.202111181127/tools/bin/../lib/gcc/arm-none-eabi/10.3.1/../../../../arm-none-eabi/lib/thumb/v7-m/nofp\libc_nano.a(lib_a-memchr-stub.o)
                0x000000000800e858                memchr
 .text.__malloc_lock
                0x000000000800e874        0xc d:/st/stm32cubeide_1.9.0/stm32cubeide/plugins/com.st.stm32cube.ide.mcu.externaltools.gnu-tools-for-stm32.10.3-2021.10.win32_1.0.0.202111181127/tools/bin/../lib/gcc/arm-none-eabi/10.3.1/../../../../arm-none-eabi/lib/thumb/v7-m/nofp\libc_nano.a(lib_a-mlock.o)
                0x000000000800e874                __malloc_lock
 .text.__malloc_unlock
                0x000000000800e880        0xc d:/st/stm32cubeide_1.9.0/stm32cubeide/plugins/com.st.stm32cube.ide.mcu.externaltools.gnu-tools-for-stm32.10.3-2021.10.win32_1.0.0.202111181127/tools/bin/../lib/gcc/arm-none-eabi/10.3.1/../../../../arm-none-eabi/lib/thumb/v7-m/nofp\libc_nano.a(lib_a-mlock.o)
                0x000000000800e880                __malloc_unlock
 .text._Balloc  0x000000000800e88c       0x80 d:/st/stm32cubeide_1.9.0/stm32cubeide/plugins/com.st.stm32cube.ide.mcu.externaltools.gnu-tools-for-stm32.10.3-2021.10.win32_1.0.0.202111181127/tools/bin/../lib/gcc/arm-none-eabi/10.3.1/../../../../arm-none-eabi/lib/thumb/v7-m/nofp\libc_nano.a(lib_a-mprec.o)
                0x000000000800e88c                _Balloc
 .text._Bfree   0x000000000800e90c       0x44 d:/st/stm32cubeide_1.9.0/stm32cubeide/plugins/com.st.stm32cube.ide.mcu.externaltools.gnu-tools-for-stm32.10.3-2021.10.win32_1.0.0.202111181127/tools/bin/../lib/gcc/arm-none-eabi/10.3.1/../../../../arm-none-eabi/lib/thumb/v7-m/nofp\libc_nano.a(lib_a-mprec.o)
                0x000000000800e90c                _Bfree
 .text.__multadd
                0x000000000800e950       0x8c d:/st/stm32cubeide_1.9.0/stm32cubeide/plugins/com.st.stm32cube.ide.mcu.externaltools.gnu-tools-for-stm32.10.3-2021.10.win32_1.0.0.202111181127/tools/bin/../lib/gcc/arm-none-eabi/10.3.1/../../../../arm-none-eabi/lib/thumb/v7-m/nofp\libc_nano.a(lib_a-mprec.o)
                0x000000000800e950                __multadd
 .text.__hi0bits
                0x000000000800e9dc       0x40 d:/st/stm32cubeide_1.9.0/stm32cubeide/plugins/com.st.stm32cube.ide.mcu.externaltools.gnu-tools-for-stm32.10.3-2021.10.win32_1.0.0.202111181127/tools/bin/../lib/gcc/arm-none-eabi/10.3.1/../../../../arm-none-eabi/lib/thumb/v7-m/nofp\libc_nano.a(lib_a-mprec.o)
                0x000000000800e9dc                __hi0bits
 .text.__lo0bits
                0x000000000800ea1c       0x5a d:/st/stm32cubeide_1.9.0/stm32cubeide/plugins/com.st.stm32cube.ide.mcu.externaltools.gnu-tools-for-stm32.10.3-2021.10.win32_1.0.0.202111181127/tools/bin/../lib/gcc/arm-none-eabi/10.3.1/../../../../arm-none-eabi/lib/thumb/v7-m/nofp\libc_nano.a(lib_a-mprec.o)
                0x000000000800ea1c                __lo0bits
 *fill*         0x000000000800ea76        0x2 
 .text.__i2b    0x000000000800ea78       0x2c d:/st/stm32cubeide_1.9.0/stm32cubeide/plugins/com.st.stm32cube.ide.mcu.externaltools.gnu-tools-for-stm32.10.3-2021.10.win32_1.0.0.202111181127/tools/bin/../lib/gcc/arm-none-eabi/10.3.1/../../../../arm-none-eabi/lib/thumb/v7-m/nofp\libc_nano.a(lib_a-mprec.o)
                0x000000000800ea78                __i2b
 .text.__multiply
                0x000000000800eaa4      0x150 d:/st/stm32cubeide_1.9.0/stm32cubeide/plugins/com.st.stm32cube.ide.mcu.externaltools.gnu-tools-for-stm32.10.3-2021.10.win32_1.0.0.202111181127/tools/bin/../lib/gcc/arm-none-eabi/10.3.1/../../../../arm-none-eabi/lib/thumb/v7-m/nofp\libc_nano.a(lib_a-mprec.o)
                0x000000000800eaa4                __multiply
 .text.__pow5mult
                0x000000000800ebf4       0xb4 d:/st/stm32cubeide_1.9.0/stm32cubeide/plugins/com.st.stm32cube.ide.mcu.externaltools.gnu-tools-for-stm32.10.3-2021.10.win32_1.0.0.202111181127/tools/bin/../lib/gcc/arm-none-eabi/10.3.1/../../../../arm-none-eabi/lib/thumb/v7-m/nofp\libc_nano.a(lib_a-mprec.o)
                0x000000000800ebf4                __pow5mult
 .text.__lshift
                0x000000000800eca8       0xe0 d:/st/stm32cubeide_1.9.0/stm32cubeide/plugins/com.st.stm32cube.ide.mcu.externaltools.gnu-tools-for-stm32.10.3-2021.10.win32_1.0.0.202111181127/tools/bin/../lib/gcc/arm-none-eabi/10.3.1/../../../../arm-none-eabi/lib/thumb/v7-m/nofp\libc_nano.a(lib_a-mprec.o)
                0x000000000800eca8                __lshift
 .text.__mcmp   0x000000000800ed88       0x36 d:/st/stm32cubeide_1.9.0/stm32cubeide/plugins/com.st.stm32cube.ide.mcu.externaltools.gnu-tools-for-stm32.10.3-2021.10.win32_1.0.0.202111181127/tools/bin/../lib/gcc/arm-none-eabi/10.3.1/../../../../arm-none-eabi/lib/thumb/v7-m/nofp\libc_nano.a(lib_a-mprec.o)
                0x000000000800ed88                __mcmp
 *fill*         0x000000000800edbe        0x2 
 .text.__mdiff  0x000000000800edc0      0x118 d:/st/stm32cubeide_1.9.0/stm32cubeide/plugins/com.st.stm32cube.ide.mcu.externaltools.gnu-tools-for-stm32.10.3-2021.10.win32_1.0.0.202111181127/tools/bin/../lib/gcc/arm-none-eabi/10.3.1/../../../../arm-none-eabi/lib/thumb/v7-m/nofp\libc_nano.a(lib_a-mprec.o)
                0x000000000800edc0                __mdiff
 .text.__d2b    0x000000000800eed8       0xb8 d:/st/stm32cubeide_1.9.0/stm32cubeide/plugins/com.st.stm32cube.ide.mcu.externaltools.gnu-tools-for-stm32.10.3-2021.10.win32_1.0.0.202111181127/tools/bin/../lib/gcc/arm-none-eabi/10.3.1/../../../../arm-none-eabi/lib/thumb/v7-m/nofp\libc_nano.a(lib_a-mprec.o)
                0x000000000800eed8                __d2b
 .text._calloc_r
                0x000000000800ef90       0x28 d:/st/stm32cubeide_1.9.0/stm32cubeide/plugins/com.st.stm32cube.ide.mcu.externaltools.gnu-tools-for-stm32.10.3-2021.10.win32_1.0.0.202111181127/tools/bin/../lib/gcc/arm-none-eabi/10.3.1/../../../../arm-none-eabi/lib/thumb/v7-m/nofp\libc_nano.a(lib_a-nano-callocr.o)
                0x000000000800ef90                _calloc_r
 .text._free_r  0x000000000800efb8       0x90 d:/st/stm32cubeide_1.9.0/stm32cubeide/plugins/com.st.stm32cube.ide.mcu.externaltools.gnu-tools-for-stm32.10.3-2021.10.win32_1.0.0.202111181127/tools/bin/../lib/gcc/arm-none-eabi/10.3.1/../../../../arm-none-eabi/lib/thumb/v7-m/nofp\libc_nano.a(lib_a-nano-freer.o)
                0x000000000800efb8                _free_r
 .text.__sfputc_r
                0x000000000800f048       0x2a d:/st/stm32cubeide_1.9.0/stm32cubeide/plugins/com.st.stm32cube.ide.mcu.externaltools.gnu-tools-for-stm32.10.3-2021.10.win32_1.0.0.202111181127/tools/bin/../lib/gcc/arm-none-eabi/10.3.1/../../../../arm-none-eabi/lib/thumb/v7-m/nofp\libc_nano.a(lib_a-nano-vfprintf.o)
 .text.__sfputs_r
                0x000000000800f072       0x24 d:/st/stm32cubeide_1.9.0/stm32cubeide/plugins/com.st.stm32cube.ide.mcu.externaltools.gnu-tools-for-stm32.10.3-2021.10.win32_1.0.0.202111181127/tools/bin/../lib/gcc/arm-none-eabi/10.3.1/../../../../arm-none-eabi/lib/thumb/v7-m/nofp\libc_nano.a(lib_a-nano-vfprintf.o)
                0x000000000800f072                __sfputs_r
 *fill*         0x000000000800f096        0x2 
 .text._vfprintf_r
                0x000000000800f098      0x260 d:/st/stm32cubeide_1.9.0/stm32cubeide/plugins/com.st.stm32cube.ide.mcu.externaltools.gnu-tools-for-stm32.10.3-2021.10.win32_1.0.0.202111181127/tools/bin/../lib/gcc/arm-none-eabi/10.3.1/../../../../arm-none-eabi/lib/thumb/v7-m/nofp\libc_nano.a(lib_a-nano-vfprintf.o)
                0x000000000800f098                _vfprintf_r
                0x000000000800f098                _vfiprintf_r
 .text._putc_r  0x000000000800f2f8       0x90 d:/st/stm32cubeide_1.9.0/stm32cubeide/plugins/com.st.stm32cube.ide.mcu.externaltools.gnu-tools-for-stm32.10.3-2021.10.win32_1.0.0.202111181127/tools/bin/../lib/gcc/arm-none-eabi/10.3.1/../../../../arm-none-eabi/lib/thumb/v7-m/nofp\libc_nano.a(lib_a-putc.o)
                0x000000000800f2f8                _putc_r
 .text._read_r  0x000000000800f388       0x24 d:/st/stm32cubeide_1.9.0/stm32cubeide/plugins/com.st.stm32cube.ide.mcu.externaltools.gnu-tools-for-stm32.10.3-2021.10.win32_1.0.0.202111181127/tools/bin/../lib/gcc/arm-none-eabi/10.3.1/../../../../arm-none-eabi/lib/thumb/v7-m/nofp\libc_nano.a(lib_a-readr.o)
                0x000000000800f388                _read_r
 .text.__assert_func
                0x000000000800f3ac       0x3c d:/st/stm32cubeide_1.9.0/stm32cubeide/plugins/com.st.stm32cube.ide.mcu.externaltools.gnu-tools-for-stm32.10.3-2021.10.win32_1.0.0.202111181127/tools/bin/../lib/gcc/arm-none-eabi/10.3.1/../../../../arm-none-eabi/lib/thumb/v7-m/nofp\libc_nano.a(lib_a-assert.o)
                0x000000000800f3ac                __assert_func
 .text.fprintf  0x000000000800f3e8       0x24 d:/st/stm32cubeide_1.9.0/stm32cubeide/plugins/com.st.stm32cube.ide.mcu.externaltools.gnu-tools-for-stm32.10.3-2021.10.win32_1.0.0.202111181127/tools/bin/../lib/gcc/arm-none-eabi/10.3.1/../../../../arm-none-eabi/lib/thumb/v7-m/nofp\libc_nano.a(lib_a-fprintf.o)
                0x000000000800f3e8                fiprintf
                0x000000000800f3e8                fprintf
 .text._fstat_r
                0x000000000800f40c       0x24 d:/st/stm32cubeide_1.9.0/stm32cubeide/plugins/com.st.stm32cube.ide.mcu.externaltools.gnu-tools-for-stm32.10.3-2021.10.win32_1.0.0.202111181127/tools/bin/../lib/gcc/arm-none-eabi/10.3.1/../../../../arm-none-eabi/lib/thumb/v7-m/nofp\libc_nano.a(lib_a-fstatr.o)
                0x000000000800f40c                _fstat_r
 .text._isatty_r
                0x000000000800f430       0x20 d:/st/stm32cubeide_1.9.0/stm32cubeide/plugins/com.st.stm32cube.ide.mcu.externaltools.gnu-tools-for-stm32.10.3-2021.10.win32_1.0.0.202111181127/tools/bin/../lib/gcc/arm-none-eabi/10.3.1/../../../../arm-none-eabi/lib/thumb/v7-m/nofp\libc_nano.a(lib_a-isattyr.o)
                0x000000000800f430                _isatty_r
 .text.__ascii_mbtowc
                0x000000000800f450       0x24 d:/st/stm32cubeide_1.9.0/stm32cubeide/plugins/com.st.stm32cube.ide.mcu.externaltools.gnu-tools-for-stm32.10.3-2021.10.win32_1.0.0.202111181127/tools/bin/../lib/gcc/arm-none-eabi/10.3.1/../../../../arm-none-eabi/lib/thumb/v7-m/nofp\libc_nano.a(lib_a-mbtowc_r.o)
                0x000000000800f450                __ascii_mbtowc
 .text.__ascii_wctomb
                0x000000000800f474       0x1a d:/st/stm32cubeide_1.9.0/stm32cubeide/plugins/com.st.stm32cube.ide.mcu.externaltools.gnu-tools-for-stm32.10.3-2021.10.win32_1.0.0.202111181127/tools/bin/../lib/gcc/arm-none-eabi/10.3.1/../../../../arm-none-eabi/lib/thumb/v7-m/nofp\libc_nano.a(lib_a-wctomb_r.o)
                0x000000000800f474                __ascii_wctomb
 .text.abort    0x000000000800f48e        0xe d:/st/stm32cubeide_1.9.0/stm32cubeide/plugins/com.st.stm32cube.ide.mcu.externaltools.gnu-tools-for-stm32.10.3-2021.10.win32_1.0.0.202111181127/tools/bin/../lib/gcc/arm-none-eabi/10.3.1/../../../../arm-none-eabi/lib/thumb/v7-m/nofp\libc_nano.a(lib_a-abort.o)
                0x000000000800f48e                abort
 .text._raise_r
                0x000000000800f49c       0x50 d:/st/stm32cubeide_1.9.0/stm32cubeide/plugins/com.st.stm32cube.ide.mcu.externaltools.gnu-tools-for-stm32.10.3-2021.10.win32_1.0.0.202111181127/tools/bin/../lib/gcc/arm-none-eabi/10.3.1/../../../../arm-none-eabi/lib/thumb/v7-m/nofp\libc_nano.a(lib_a-signal.o)
                0x000000000800f49c                _raise_r
 .text.raise    0x000000000800f4ec       0x10 d:/st/stm32cubeide_1.9.0/stm32cubeide/plugins/com.st.stm32cube.ide.mcu.externaltools.gnu-tools-for-stm32.10.3-2021.10.win32_1.0.0.202111181127/tools/bin/../lib/gcc/arm-none-eabi/10.3.1/../../../../arm-none-eabi/lib/thumb/v7-m/nofp\libc_nano.a(lib_a-signal.o)
                0x000000000800f4ec                raise
 .text._kill_r  0x000000000800f4fc       0x24 d:/st/stm32cubeide_1.9.0/stm32cubeide/plugins/com.st.stm32cube.ide.mcu.externaltools.gnu-tools-for-stm32.10.3-2021.10.win32_1.0.0.202111181127/tools/bin/../lib/gcc/arm-none-eabi/10.3.1/../../../../arm-none-eabi/lib/thumb/v7-m/nofp\libc_nano.a(lib_a-signalr.o)
                0x000000000800f4fc                _kill_r
 .text._getpid_r
                0x000000000800f520        0x4 d:/st/stm32cubeide_1.9.0/stm32cubeide/plugins/com.st.stm32cube.ide.mcu.externaltools.gnu-tools-for-stm32.10.3-2021.10.win32_1.0.0.202111181127/tools/bin/../lib/gcc/arm-none-eabi/10.3.1/../../../../arm-none-eabi/lib/thumb/v7-m/nofp\libc_nano.a(lib_a-signalr.o)
                0x000000000800f520                _getpid_r
 *(.glue_7)
 .glue_7        0x000000000800f524        0x0 linker stubs
 *(.glue_7t)
 .glue_7t       0x000000000800f524        0x0 linker stubs
 *(.eh_frame)
 .eh_frame      0x000000000800f524        0x0 d:/st/stm32cubeide_1.9.0/stm32cubeide/plugins/com.st.stm32cube.ide.mcu.externaltools.gnu-tools-for-stm32.10.3-2021.10.win32_1.0.0.202111181127/tools/bin/../lib/gcc/arm-none-eabi/10.3.1/thumb/v7-m/nofp/crtbegin.o
 *(.init)
 .init          0x000000000800f524        0x4 d:/st/stm32cubeide_1.9.0/stm32cubeide/plugins/com.st.stm32cube.ide.mcu.externaltools.gnu-tools-for-stm32.10.3-2021.10.win32_1.0.0.202111181127/tools/bin/../lib/gcc/arm-none-eabi/10.3.1/thumb/v7-m/nofp/crti.o
                0x000000000800f524                _init
 .init          0x000000000800f528        0x8 d:/st/stm32cubeide_1.9.0/stm32cubeide/plugins/com.st.stm32cube.ide.mcu.externaltools.gnu-tools-for-stm32.10.3-2021.10.win32_1.0.0.202111181127/tools/bin/../lib/gcc/arm-none-eabi/10.3.1/thumb/v7-m/nofp/crtn.o
 *(.fini)
 .fini          0x000000000800f530        0x4 d:/st/stm32cubeide_1.9.0/stm32cubeide/plugins/com.st.stm32cube.ide.mcu.externaltools.gnu-tools-for-stm32.10.3-2021.10.win32_1.0.0.202111181127/tools/bin/../lib/gcc/arm-none-eabi/10.3.1/thumb/v7-m/nofp/crti.o
                0x000000000800f530                _fini
 .fini          0x000000000800f534        0x8 d:/st/stm32cubeide_1.9.0/stm32cubeide/plugins/com.st.stm32cube.ide.mcu.externaltools.gnu-tools-for-stm32.10.3-2021.10.win32_1.0.0.202111181127/tools/bin/../lib/gcc/arm-none-eabi/10.3.1/thumb/v7-m/nofp/crtn.o
                0x000000000800f53c                . = ALIGN (0x4)
                0x000000000800f53c                _etext = .

.vfp11_veneer   0x000000000800f53c        0x0
 .vfp11_veneer  0x000000000800f53c        0x0 linker stubs

.v4_bx          0x000000000800f53c        0x0
 .v4_bx         0x000000000800f53c        0x0 linker stubs

.iplt           0x000000000800f53c        0x0
 .iplt          0x000000000800f53c        0x0 d:/st/stm32cubeide_1.9.0/stm32cubeide/plugins/com.st.stm32cube.ide.mcu.externaltools.gnu-tools-for-stm32.10.3-2021.10.win32_1.0.0.202111181127/tools/bin/../lib/gcc/arm-none-eabi/10.3.1/thumb/v7-m/nofp/crtbegin.o

.rodata         0x000000000800f540     0x4fd4
                0x000000000800f540                . = ALIGN (0x4)
 *(.rodata)
 .rodata        0x000000000800f540       0xc2 ./Core/Src/freertos.o
 *fill*         0x000000000800f602        0x2 
 .rodata        0x000000000800f604       0x87 ./Core/Src/main.o
 *fill*         0x000000000800f68b        0x1 
 .rodata        0x000000000800f68c       0x10 ./Drivers/STM32F1xx_HAL_Driver/Src/stm32f1xx_hal_rcc.o
 .rodata        0x000000000800f69c       0x30 ./Middlewares/Third_Party/FreeRTOS/Source/tasks.o