../Core/Src/stm32f1xx_it.c:78:6:NMI_Handler	4	static
../Core/Src/stm32f1xx_it.c:93:6:HardFault_Handler	4	static
../Core/Src/stm32f1xx_it.c:108:6:MemManage_Handler	4	static
../Core/Src/stm32f1xx_it.c:123:6:BusFault_Handler	4	static
../Core/Src/stm32f1xx_it.c:138:6:UsageFault_Handler	4	static
../Core/Src/stm32f1xx_it.c:153:6:DebugMon_Handler	4	static
../Core/Src/stm32f1xx_it.c:166:6:SysTick_Handler	8	static
../Core/Src/stm32f1xx_it.c:195:6:EXTI9_5_IRQHandler	8	static
../Core/Src/stm32f1xx_it.c:209:6:TIM4_IRQHandler	8	static
../Core/Src/stm32f1xx_it.c:228:6:USART1_IRQHandler	16	static
../Core/Src/stm32f1xx_it.c:253:6:TIM5_IRQHandler	8	static
../Core/Src/stm32f1xx_it.c:267:6:TIM6_IRQHandler	8	static
../Core/Src/stm32f1xx_it.c:281:6:TIM7_IRQHandler	8	static
